Component: ARM Compiler 5.06 update 6 (build 750) Tool: armlink [4d35ed]

==============================================================================

Section Cross References

    control.o(i.ADC0_IRQHandler) refers to control.o(i.Control_HBLED) for Control_HBLED
    control.o(i.ADC0_IRQHandler) refers to rtx_msgqueue.o(.text.osMessageQueuePut) for osMessageQueuePut
    control.o(i.ADC0_IRQHandler) refers to rtx_msgqueue.o(.text.osMessageQueueGetCount) for osMessageQueueGetCount
    control.o(i.ADC0_IRQHandler) refers to rtx_msgqueue.o(.text.osMessageQueueGet) for osMessageQueueGet
    control.o(i.ADC0_IRQHandler) refers to rtx_delay.o(.text.osDelay) for osDelay
    control.o(i.ADC0_IRQHandler) refers to control.o(.data) for .data
    control.o(i.ADC0_IRQHandler) refers to touchscreen.o(.data) for q_post_ADC
    control.o(i.Control_DutyCycle_Handler) refers to timers.o(i.PWM_Set_Value) for PWM_Set_Value
    control.o(i.Control_DutyCycle_Handler) refers to control.o(.data) for .data
    control.o(i.Control_HBLED) refers to fflti.o(.text) for __aeabi_i2f
    control.o(i.Control_HBLED) refers to fmul.o(x$fpl$fmul) for __aeabi_fmul
    control.o(i.Control_HBLED) refers to faddsub.o(x$fpl$fadd) for __aeabi_fadd
    control.o(i.Control_HBLED) refers to frlef.o(x$fpl$frleqf) for __aeabi_cfrcmple
    control.o(i.Control_HBLED) refers to faddsub.o(x$fpl$fsub) for __aeabi_fsub
    control.o(i.Control_HBLED) refers to ffixi.o(.text) for __aeabi_f2iz
    control.o(i.Control_HBLED) refers to fx.o(i.Multiply_FX) for Multiply_FX
    control.o(i.Control_HBLED) refers to fx.o(i.Add_FX) for Add_FX
    control.o(i.Control_HBLED) refers to fx.o(i.Subtract_FX) for Subtract_FX
    control.o(i.Control_HBLED) refers to timers.o(i.PWM_Set_Value) for PWM_Set_Value
    control.o(i.Control_HBLED) refers to rt_memclr.o(.text) for __aeabi_memclr4
    control.o(i.Control_HBLED) refers to control.o(.data) for .data
    control.o(i.Control_HBLED) refers to main.o(.data) for control_mode
    control.o(i.Control_HBLED) refers to control.o(.bss) for .bss
    control.o(i.Init_Buck_HBLED) refers to control.o(i.Init_ADC_HBLED) for Init_ADC_HBLED
    control.o(i.Init_Buck_HBLED) refers to timers.o(i.PWM_Init) for PWM_Init
    control.o(i.Init_Buck_HBLED) refers to control.o(.data) for .data
    control.o(i.Set_DAC_mA) refers to fflti.o(.text) for __aeabi_ui2f
    control.o(i.Set_DAC_mA) refers to fmul.o(x$fpl$fmul) for __aeabi_fmul
    control.o(i.Set_DAC_mA) refers to ffixui.o(.text) for __aeabi_f2uiz
    control.o(i.UpdatePID) refers to fmul.o(x$fpl$fmul) for __aeabi_fmul
    control.o(i.UpdatePID) refers to faddsub.o(x$fpl$fadd) for __aeabi_fadd
    control.o(i.UpdatePID) refers to frlef.o(x$fpl$frleqf) for __aeabi_cfrcmple
    control.o(i.UpdatePID) refers to faddsub.o(x$fpl$fsub) for __aeabi_fsub
    control.o(i.UpdatePID_FX) refers to fx.o(i.Multiply_FX) for Multiply_FX
    control.o(i.UpdatePID_FX) refers to fx.o(i.Add_FX) for Add_FX
    control.o(i.UpdatePID_FX) refers to fx.o(i.Subtract_FX) for Subtract_FX
    control.o(i.Update_Set_Current) refers to fflti.o(.text) for __aeabi_ui2f
    control.o(i.Update_Set_Current) refers to fmul.o(x$fpl$fmul) for __aeabi_fmul
    control.o(i.Update_Set_Current) refers to ffixui.o(.text) for __aeabi_f2uiz
    control.o(i.Update_Set_Current) refers to control.o(.data) for .data
    control.o(i.check_timing) refers to control.o(.data) for .data
    dma.o(i.Configure_DMA_For_Playback) refers to dma.o(.data) for .data
    dma.o(i.DMA0_IRQHandler) refers to rtx_thread.o(.text.osThreadFlagsSet) for osThreadFlagsSet
    dma.o(i.DMA0_IRQHandler) refers to leds.o(i.Control_RGB_LEDs) for Control_RGB_LEDs
    dma.o(i.DMA0_IRQHandler) refers to timers.o(i.TPM0_Start) for TPM0_Start
    dma.o(i.DMA0_IRQHandler) refers to dma.o(.data) for .data
    dma.o(i.DMA0_IRQHandler) refers to threads.o(.data) for t_Refill_Sound_Buffer
    dma.o(i.Start_DMA_Playback) refers to timers.o(i.TPM0_Start) for TPM0_Start
    dma.o(i.Start_DMA_Playback) refers to dma.o(.data) for .data
    fx.o(i.Multiply_FX) refers to llmul.o(.text) for __aeabi_lmul
    main.o(i.main) refers to debug.o(i.Init_Debug_Signals) for Init_Debug_Signals
    main.o(i.main) refers to leds.o(i.Init_RGB_LEDs) for Init_RGB_LEDs
    main.o(i.main) refers to leds.o(i.Control_RGB_LEDs) for Control_RGB_LEDs
    main.o(i.main) refers to sound.o(i.Sound_Disable_Amp) for Sound_Disable_Amp
    main.o(i.main) refers to st7789.o(i.LCD_Init) for LCD_Init
    main.o(i.main) refers to lcd_text.o(i.LCD_Text_Init) for LCD_Text_Init
    main.o(i.main) refers to lcd_text.o(i.LCD_Erase) for LCD_Erase
    main.o(i.main) refers to lcd_text.o(i.LCD_Text_PrintStr_RC) for LCD_Text_PrintStr_RC
    main.o(i.main) refers to delay.o(i.Delay) for Delay
    main.o(i.main) refers to control.o(i.Init_Buck_HBLED) for Init_Buck_HBLED
    main.o(i.main) refers to rtx_kernel.o(.text.osKernelInitialize) for osKernelInitialize
[...]
    i.Control_DutyCycle_Handler              0x00002604   Section        0  control.o(i.Control_DutyCycle_Handler)
    i.Control_HBLED                          0x00002648   Section        0  control.o(i.Control_HBLED)
    i.Control_IntNonNegative_Handler         0x00002874   Section        0  control.o(i.Control_IntNonNegative_Handler)
    i.Control_OnOff_Handler                  0x00002890   Section        0  control.o(i.Control_OnOff_Handler)
    i.Control_RGB_LEDs                       0x000028a4   Section        0  leds.o(i.Control_RGB_LEDs)
    i.Create_OS_Objects                      0x000028e0   Section        0  threads.o(i.Create_OS_Objects)
    i.DMA0_IRQHandler                        0x00002934   Section        0  dma.o(i.DMA0_IRQHandler)
    i.Delay                                  0x000029b8   Section        0  delay.o(i.Delay)
    i.Init_ADC_HBLED                         0x000029d0   Section        0  control.o(i.Init_ADC_HBLED)
    i.Init_Buck_HBLED                        0x00002a34   Section        0  control.o(i.Init_Buck_HBLED)
    i.Init_Debug_Signals                     0x00002abc   Section        0  debug.o(i.Init_Debug_Signals)
    i.Init_RGB_LEDs                          0x00002b74   Section        0  leds.o(i.Init_RGB_LEDs)
    i.LCD_24S_Write_Command                  0x00002bdc   Section        0  st7789.o(i.LCD_24S_Write_Command)
    LCD_24S_Write_Command                    0x00002bdd   Thumb Code    36  st7789.o(i.LCD_24S_Write_Command)
    i.LCD_24S_Write_Data                     0x00002c04   Section        0  st7789.o(i.LCD_24S_Write_Data)
    LCD_24S_Write_Data                       0x00002c05   Thumb Code    36  st7789.o(i.LCD_24S_Write_Data)
    i.LCD_Draw_Line                          0x00002c2c   Section        0  lcd_graphics.o(i.LCD_Draw_Line)
    i.LCD_Erase                              0x00002e60   Section        0  lcd_text.o(i.LCD_Erase)
    i.LCD_Fill_Buffer                        0x00002e70   Section        0  st7789.o(i.LCD_Fill_Buffer)
    i.LCD_Fill_Rectangle                     0x00002ef2   Section        0  st7789.o(i.LCD_Fill_Rectangle)
    i.LCD_GPIO_Init                          0x00002fbc   Section        0  st7789.o(i.LCD_GPIO_Init)
    i.LCD_Init                               0x000030f8   Section        0  st7789.o(i.LCD_Init)
    i.LCD_Plot_Pixel                         0x000031c4   Section        0  st7789.o(i.LCD_Plot_Pixel)
    i.LCD_Start_Rectangle                    0x00003236   Section        0  st7789.o(i.LCD_Start_Rectangle)
    i.LCD_TS_Init                            0x000032cc   Section        0  touchscreen.o(i.LCD_TS_Init)
    i.LCD_TS_Read                            0x0000330c   Section        0  touchscreen.o(i.LCD_TS_Read)
    i.LCD_Text_Init                          0x00003438   Section        0  lcd_text.o(i.LCD_Text_Init)
    i.LCD_Text_PrintChar                     0x00003474   Section        0  lcd_text.o(i.LCD_Text_PrintChar)
    i.LCD_Text_PrintStr_RC                   0x0000361c   Section        0  lcd_text.o(i.LCD_Text_PrintStr_RC)
    i.LCD_Text_Set_Colors                    0x00003674   Section        0  lcd_text.o(i.LCD_Text_Set_Colors)
    i.LCD_Write_Rectangle_Pixel              0x0000369c   Section        0  st7789.o(i.LCD_Write_Rectangle_Pixel)
    i.Multiply_FX                            0x000036ce   Section        0  fx.o(i.Multiply_FX)
    i.PIT_IRQHandler                         0x000036e4   Section        0  timers.o(i.PIT_IRQHandler)
    i.PWM_Init                               0x0000378c   Section        0  timers.o(i.PWM_Init)
    i.PWM_Set_Value                          0x00003818   Section        0  timers.o(i.PWM_Set_Value)
    i.Sound_Disable_Amp                      0x00003820   Section        0  sound.o(i.Sound_Disable_Amp)
    i.Subtract_FX                            0x00003830   Section        0  fx.o(i.Subtract_FX)
    i.SystemInit                             0x00003834   Section        0  system_mkl25z4.o(i.SystemInit)
    i.TPM0_IRQHandler                        0x0000391c   Section        0  timers.o(i.TPM0_IRQHandler)
    i.TPM0_Start                             0x00003958   Section        0  timers.o(i.TPM0_Start)
    i.Thread_Buck_Update_Setpoint            0x00003968   Section        0  threads.o(i.Thread_Buck_Update_Setpoint)
    i.Thread_Read_TS                         0x00003974   Section        0  threads.o(i.Thread_Read_TS)
    i.Thread_Update_Screen                   0x0000399c   Section        0  threads.o(i.Thread_Update_Screen)
    i.UI_Draw_Current                        0x000039c0   Section        0  ui.o(i.UI_Draw_Current)
    i.UI_Draw_Screen                         0x00003ab4   Section        0  ui.o(i.UI_Draw_Screen)
    i.UI_Identify_Field                      0x00003c10   Section        0  ui.o(i.UI_Identify_Field)
    i.UI_Process_Touch                       0x00003cac   Section        0  ui.o(i.UI_Process_Touch)
    i.UI_Update_Field_Values                 0x00003dc0   Section        0  ui.o(i.UI_Update_Field_Values)
    i.Update_Set_Current                     0x00003e10   Section        0  control.o(i.Update_Set_Current)
    i._is_digit                              0x00003e7c   Section        0  __printf_wp.o(i._is_digit)
    i._mutex_acquire                         0x00003e8c   Section        0  rtx_lib.o(i._mutex_acquire)
    __tagsym$$used                           0x00003e8d   Number         0  rtx_lib.o(i._mutex_acquire)
    i._mutex_free                            0x00003ebc   Section        0  rtx_lib.o(i._mutex_free)
    __tagsym$$used                           0x00003ebd   Number         0  rtx_lib.o(i._mutex_free)
    i._mutex_initialize                      0x00003ec6   Section        0  rtx_lib.o(i._mutex_initialize)
    __tagsym$$used                           0x00003ec7   Number         0  rtx_lib.o(i._mutex_initialize)
    i._mutex_release                         0x00003ee8   Section        0  rtx_lib.o(i._mutex_release)
    __tagsym$$used                           0x00003ee9   Number         0  rtx_lib.o(i._mutex_release)
    i._platform_post_stackheap_init          0x00003f14   Section        0  rtx_lib.o(i._platform_post_stackheap_init)
    i.main                                   0x00003f1c   Section        0  main.o(i.main)
    i.osRtxErrorNotify                       0x00003f7c   Section        0  rtx_config.o(i.osRtxErrorNotify)
    i.osRtxIdleThread                        0x00003f80   Section        0  rtx_config.o(i.osRtxIdleThread)
    x$fpl$fadd                               0x00003f90   Section      140  faddsub.o(x$fpl$fadd)
    _fadd1                                   0x00003f9d   Thumb Code     0  faddsub.o(x$fpl$fadd)
    x$fpl$fmul                               0x0000401c   Section      176  fmul.o(x$fpl$fmul)
    x$fpl$frleqf                             0x000040cc   Section       88  frlef.o(x$fpl$frleqf)
    x$fpl$fsub                               0x00004124   Section      208  faddsub.o(x$fpl$fsub)
    _fsub1                                   0x00004131   Thumb Code     0  faddsub.o(x$fpl$fsub)
    .constdata                               0x000041f4   Section      124  threads.o(.constdata)
    x$fpl$usenofp                            0x000041f4   Section        0  usenofp.o(x$fpl$usenofp)
    .constdata                               0x00004270   Section       16  ui.o(.constdata)
    .constdata                               0x00004280   Section     3831  lucida_12x19.o(.constdata)
    .constdata                               0x00005177   Section      142  st7789.o(.constdata)
    .constdata                               0x00005208   Section       32  region.o(.constdata)
    .constdata                               0x00005228   Section        4  region.o(.constdata)
    .constdata                               0x0000522c   Section       36  rtx_lib.o(.constdata)
    os_idle_thread_attr                      0x0000522c   Data          36  rtx_lib.o(.constdata)
    .constdata                               0x00005250   Section       36  rtx_lib.o(.constdata)
    os_timer_thread_attr                     0x00005250   Data          36  rtx_lib.o(.constdata)
    .constdata                               0x00005274   Section       24  rtx_lib.o(.constdata)
    os_timer_mq_attr                         0x00005274   Data          24  rtx_lib.o(.constdata)
    .constdata                               0x0000528c   Section        4  rtx_lib.o(.constdata)
    .conststring                             0x00005290   Section       10  threads.o(.conststring)
    .rodata                                  0x0000529c   Section      160  rtx_lib.o(.rodata)
    __tagsym$$used                           0x0000529c   Number         0  rtx_lib.o(.rodata)
    __tagsym$$used                           0x00005304   Number         0  rtx_lib.o(.rodata)
    [Anonymous Symbol]                       0x0000533c   Section        0  rtx_kernel.o(.rodata.str1.4)
    .L.str                                   0x0000533c   Data          11  rtx_kernel.o(.rodata.str1.4)
    .bss.os                                  0x1ffff000   Section     4096  rtx_lib.o(.bss.os)
    os_mem                                   0x1ffff000   Data        4096  rtx_lib.o(.bss.os)
    .bss.os                                  0x20000000   Section       64  rtx_lib.o(.bss.os)
    os_isr_queue                             0x20000000   Data          64  rtx_lib.o(.bss.os)
    .bss.os.msgqueue.cb                      0x20000040   Section       52  rtx_lib.o(.bss.os.msgqueue.cb)
    os_timer_mq_cb                           0x20000040   Data          52  rtx_lib.o(.bss.os.msgqueue.cb)
    .bss.os.msgqueue.mem                     0x20000074   Section       80  rtx_lib.o(.bss.os.msgqueue.mem)
    os_timer_mq_data                         0x20000074   Data          80  rtx_lib.o(.bss.os.msgqueue.mem)
    .bss.os.thread.cb                        0x200000c4   Section       68  rtx_lib.o(.bss.os.thread.cb)
    os_idle_thread_cb                        0x200000c4   Data          68  rtx_lib.o(.bss.os.thread.cb)
    .bss.os.thread.cb                        0x20000108   Section       68  rtx_lib.o(.bss.os.thread.cb)
    os_timer_thread_cb                       0x20000108   Data          68  rtx_lib.o(.bss.os.thread.cb)
    .bss.os.thread.stack                     0x20000150   Section      256  rtx_lib.o(.bss.os.thread.stack)
    os_idle_thread_stack                     0x20000150   Data         256  rtx_lib.o(.bss.os.thread.stack)
    .bss.os.thread.stack                     0x20000250   Section      256  rtx_lib.o(.bss.os.thread.stack)
    os_timer_thread_stack                    0x20000250   Data         256  rtx_lib.o(.bss.os.thread.stack)
    .data                                    0x20000350   Section      132  control.o(.data)
    prev_conv_type                           0x2000037c   Data           4  control.o(.data)
    delay                                    0x20000380   Data           4  control.o(.data)
    .data                                    0x200003d4   Section       20  dma.o(.data)
    .data                                    0x200003e8   Section        1  main.o(.data)
    .data                                    0x200003ec   Section       16  threads.o(.data)
    .data                                    0x200003fc   Section        4  threads.o(.data)
    .data                                    0x20000400   Section        8  timers.o(.data)
    control_divider                          0x20000404   Data           4  timers.o(.data)
    .data                                    0x20000408   Section      764  ui.o(.data)
    initialized                              0x2000040c   Data           4  ui.o(.data)
    counter                                  0x20000410   Data           4  ui.o(.data)
    measured_pt                              0x20000414   Data           8  ui.o(.data)
    set_pt                                   0x2000041c   Data           8  ui.o(.data)
    prev_measured_pt                         0x20000424   Data           8  ui.o(.data)
    prev_set_pt                              0x2000042c   Data           8  ui.o(.data)
    .data                                    0x20000704   Section       20  lcd_text.o(.data)
    .data                                    0x20000718   Section       44  touchscreen.o(.data)
    .data                                    0x20000744   Section        3  colors.o(.data)
    .data                                    0x20000747   Section        3  colors.o(.data)
    .data                                    0x2000074a   Section        3  colors.o(.data)
    .data                                    0x2000074d   Section        3  colors.o(.data)
    .data                                    0x20000750   Section        3  colors.o(.data)
    .data                                    0x20000753   Section        3  colors.o(.data)
    .data                                    0x20000756   Section        3  colors.o(.data)
    .data                                    0x20000759   Section        3  colors.o(.data)
    .data                                    0x2000075c   Section        4  profile.o(.data)
    .data                                    0x20000760   Section        4  profile.o(.data)
    .data                                    0x20000764   Section        4  profile.o(.data)
    .data                                    0x20000768   Section        1  profile.o(.data)
    .data                                    0x2000076c   Section        4  region.o(.data)
    .data                                    0x20000770   Section        1  rtx_lib.o(.data)
    os_kernel_active                         0x20000770   Data           1  rtx_lib.o(.data)
    .data                                    0x20000774   Section        4  system_mkl25z4.o(.data)
    .bss                                     0x2000081c   Section     7680  control.o(.bss)
    .bss                                     0x2000261c   Section       96  libspace.o(.bss)
    [Anonymous Symbol]                       0x2000267c   Section        0  os_systick.o(.bss.PendST)
    PendST                                   0x2000267c   Data           1  os_systick.o(.bss.PendST)
    HEAP                                     0x20002680   Section        0  startup_mkl25z4.o(HEAP)
    STACK                                    0x20002680   Section      768  startup_mkl25z4.o(STACK)
    Heap_Mem                                 0x20002680   Data           0  startup_mkl25z4.o(HEAP)
    Stack_Mem                                0x20002680   Data         768  startup_mkl25z4.o(STACK)
    __initial_sp                             0x20002980   Data           0  startup_mkl25z4.o(STACK)

    Global Symbols

    Symbol Name                              Value     Ov Type        Size  Object(Section)

    BuildAttributes$$THM_ISAv3M$S$PE$A:L22$X:L11$S22$IEEE1$IW$~IW$USESV6$~STKCKD$USESV7$~SHL$OTIME$ROPI$IEEEX$EBA8$UX$STANDARDLIB$REQ8$PRES8$EABIv2 0x00000000   Number         0  anon$$obj.o ABSOLUTE
    __ARM_use_no_argv                        0x00000000   Number         0  main.o ABSOLUTE
    __Vectors                                0x00000000   Data           4  startup_mkl25z4.o(RESET)
    _printf_flags                            0x00000000   Number         0  printf_stubs.o ABSOLUTE
    _printf_return_value                     0x00000000   Number         0  printf_stubs.o ABSOLUTE
    _printf_sizespec                         0x00000000   Number         0  printf_stubs.o ABSOLUTE
    _printf_widthprec                        0x00000000   Number         0  printf_stubs.o ABSOLUTE
    .bss.os.evflags.cb$$Base                  - Undefined Weak Reference
    .bss.os.evflags.cb$$Limit                 - Undefined Weak Reference
    .bss.os.mempool.cb$$Base                  - Undefined Weak Reference
    .bss.os.mempool.cb$$Limit                 - Undefined Weak Reference
    .bss.os.mutex.cb$$Base                    - Undefined Weak Reference
    .bss.os.mutex.cb$$Limit                   - Undefined Weak Reference
    .bss.os.semaphore.cb$$Base                - Undefined Weak Reference
    .bss.os.semaphore.cb$$Limit               - Undefined Weak Reference
    .bss.os.timer.cb$$Base                    - Undefined Weak Reference
    .bss.os.timer.cb$$Limit                   - Undefined Weak Reference
    __ARM_exceptions_init                     - Undefined Weak Reference
    __alloca_initialize                       - Undefined Weak Reference
    __arm_preinit_                            - Undefined Weak Reference
    __cpp_initialize__aeabi_                  - Undefined Weak Reference
    __cxa_finalize                            - Undefined Weak Reference
    __rt_locale                               - Undefined Weak Reference
    __sigvec_lookup                           - Undefined Weak Reference
    _atexit_init                              - Undefined Weak Reference
    _call_atexit_fns                          - Undefined Weak Reference
    _clock_init                               - Undefined Weak Reference
    _fp_trap_init                             - Undefined Weak Reference
    _fp_trap_shutdown                         - Undefined Weak Reference
    _get_lc_collate                           - Undefined Weak Reference
    _get_lc_ctype                             - Undefined Weak Reference
    _get_lc_monetary                          - Undefined Weak Reference
    _get_lc_numeric                           - Undefined Weak Reference
    _get_lc_time                              - Undefined Weak Reference
    _getenv_init                              - Undefined Weak Reference
    _handle_redirection                       - Undefined Weak Reference
    _init_alloc                               - Undefined Weak Reference
    _init_user_alloc                          - Undefined Weak Reference
    _initio                                   - Undefined Weak Reference
    _printf_mbtowc                            - Undefined Weak Reference
    _printf_truncate_signed                   - Undefined Weak Reference
    _printf_truncate_unsigned                 - Undefined Weak Reference
    _rand_init                                - Undefined Weak Reference
    _signal_finish                            - Undefined Weak Reference
    _signal_init                              - Undefined Weak Reference
    _terminate_alloc                          - Undefined Weak Reference
    _terminate_user_alloc                     - Undefined Weak Reference
    _terminateio                              - Undefined Weak Reference
    __Vectors_End                            0x000000c0   Data           0  startup_mkl25z4.o(RESET)
    __Vectors_Size                           0x000000c0   Number         0  startup_mkl25z4.o ABSOLUTE
    __main                                   0x000000c1   Thumb Code     8  __main.o(!!!main)
    __scatterload                            0x000000c9   Thumb Code     0  __scatter.o(!!!scatter)
    __scatterload_rt2                        0x000000c9   Thumb Code    52  __scatter.o(!!!scatter)
    __scatterload_rt2_thumb_only             0x000000c9   Thumb Code     0  __scatter.o(!!!scatter)
    __scatterload_null                       0x000000d9   Thumb Code     0  __scatter.o(!!!scatter)
    __scatterload_zeroinit                   0x00000105   Thumb Code    28  __scatter_zi.o(!!handler_zi)
    _printf_percent                          0x00000121   Thumb Code     0  _printf_percent.o(.ARM.Collect$$_printf_percent$$00000000)
    _printf_d                                0x00000123   Thumb Code     0  _printf_d.o(.ARM.Collect$$_printf_percent$$00000009)
    _printf_s                                0x0000012d   Thumb Code     0  _printf_s.o(.ARM.Collect$$_printf_percent$$00000014)
    _printf_percent_end                      0x00000137   Thumb Code     0  _printf_percent_end.o(.ARM.Collect$$_printf_percent$$00000017)
    __rt_lib_init                            0x0000013b   Thumb Code     0  libinit.o(.ARM.Collect$$libinit$$00000000)
    __rt_lib_init_alloca_1                   0x0000013d   Thumb Code     0  libinit2.o(.ARM.Collect$$libinit$$0000002E)
    __rt_lib_init_argv_1                     0x0000013d   Thumb Code     0  libinit2.o(.ARM.Collect$$libinit$$0000002C)
    __rt_lib_init_atexit_1                   0x0000013d   Thumb Code     0  libinit2.o(.ARM.Collect$$libinit$$0000001B)
    __rt_lib_init_clock_1                    0x0000013d   Thumb Code     0  libinit2.o(.ARM.Collect$$libinit$$00000021)
    __rt_lib_init_cpp_1                      0x0000013d   Thumb Code     0  libinit2.o(.ARM.Collect$$libinit$$00000032)
    __rt_lib_init_exceptions_1               0x0000013d   Thumb Code     0  libinit2.o(.ARM.Collect$$libinit$$00000030)
    __rt_lib_init_fp_1                       0x0000013d   Thumb Code     0  libinit2.o(.ARM.Collect$$libinit$$00000002)
    __rt_lib_init_fp_trap_1                  0x0000013d   Thumb Code     0  libinit2.o(.ARM.Collect$$libinit$$0000001F)
    __rt_lib_init_getenv_1                   0x0000013d   Thumb Code     0  libinit2.o(.ARM.Collect$$libinit$$00000023)
    __rt_lib_init_heap_1                     0x0000013d   Thumb Code     0  libinit2.o(.ARM.Collect$$libinit$$0000000A)
    __rt_lib_init_lc_collate_1               0x0000013d   Thumb Code     0  libinit2.o(.ARM.Collect$$libinit$$00000011)
    __rt_lib_init_lc_ctype_1                 0x0000013d   Thumb Code     0  libinit2.o(.ARM.Collect$$libinit$$00000013)
    __rt_lib_init_lc_monetary_1              0x0000013d   Thumb Code     0  libinit2.o(.ARM.Collect$$libinit$$00000015)
    __rt_lib_init_lc_numeric_1               0x0000013d   Thumb Code     0  libinit2.o(.ARM.Collect$$libinit$$00000017)
    __rt_lib_init_lc_time_1                  0x0000013d   Thumb Code     0  libinit2.o(.ARM.Collect$$libinit$$00000019)
    __rt_lib_init_preinit_1                  0x0000013d   Thumb Code     0  libinit2.o(.ARM.Collect$$libinit$$00000004)
    __rt_lib_init_rand_1                     0x0000013d   Thumb Code     0  libinit2.o(.ARM.Collect$$libinit$$0000000E)
    __rt_lib_init_return                     0x0000013d   Thumb Code     0  libinit2.o(.ARM.Collect$$libinit$$00000033)
    __rt_lib_init_signal_1                   0x0000013d   Thumb Code     0  libinit2.o(.ARM.Collect$$libinit$$0000001D)
    __rt_lib_init_stdio_1                    0x0000013d   Thumb Code     0  libinit2.o(.ARM.Collect$$libinit$$00000025)
    __rt_lib_init_user_alloc_1               0x0000013d   Thumb Code     0  libinit2.o(.ARM.Collect$$libinit$$0000000C)
    __rt_lib_shutdown                        0x0000013f   Thumb Code     0  libshutdown.o(.ARM.Collect$$libshutdown$$00000000)
    __rt_lib_shutdown_cpp_1                  0x00000141   Thumb Code     0  libshutdown2.o(.ARM.Collect$$libshutdown$$00000002)
    __rt_lib_shutdown_fp_trap_1              0x00000141   Thumb Code     0  libshutdown2.o(.ARM.Collect$$libshutdown$$00000007)
    __rt_lib_shutdown_heap_1                 0x00000141   Thumb Code     0  libshutdown2.o(.ARM.Collect$$libshutdown$$0000000F)
    __rt_lib_shutdown_return                 0x00000141   Thumb Code     0  libshutdown2.o(.ARM.Collect$$libshutdown$$00000010)
    __rt_lib_shutdown_signal_1               0x00000141   Thumb Code     0  libshutdown2.o(.ARM.Collect$$libshutdown$$0000000A)
    __rt_lib_shutdown_stdio_1                0x00000141   Thumb Code     0  libshutdown2.o(.ARM.Collect$$libshutdown$$00000004)
    __rt_lib_shutdown_user_alloc_1           0x00000141   Thumb Code     0  libshutdown2.o(.ARM.Collect$$libshutdown$$0000000C)
    __rt_entry                               0x00000143   Thumb Code     0  __rtentry.o(.ARM.Collect$$rtentry$$00000000)
    __rt_entry_presh_1                       0x00000143   Thumb Code     0  __rtentry2.o(.ARM.Collect$$rtentry$$00000002)
    __rt_entry_sh                            0x00000143   Thumb Code     0  __rtentry4.o(.ARM.Collect$$rtentry$$00000004)
    __rt_entry_postsh_1                      0x00000149   Thumb Code     0  __rtentry2.o(.ARM.Collect$$rtentry$$00000008)
    __rt_entry_li                            0x00000151   Thumb Code     0  __rtentry2.o(.ARM.Collect$$rtentry$$0000000A)
    __rt_entry_main                          0x00000155   Thumb Code     0  __rtentry2.o(.ARM.Collect$$rtentry$$0000000D)
    __rt_entry_postli_1                      0x00000155   Thumb Code     0  __rtentry2.o(.ARM.Collect$$rtentry$$0000000C)
    __rt_exit                                0x0000015d   Thumb Code     0  rtexit.o(.ARM.Collect$$rtexit$$00000000)
    __rt_exit_ls                             0x0000015f   Thumb Code     0  rtexit2.o(.ARM.Collect$$rtexit$$00000003)
    __rt_exit_prels_1                        0x0000015f   Thumb Code     0  rtexit2.o(.ARM.Collect$$rtexit$$00000002)
    __rt_exit_exit                           0x00000163   Thumb Code     0  rtexit2.o(.ARM.Collect$$rtexit$$00000004)
    __aeabi_memcpy4                          0x00000169   Thumb Code    56  rt_memcpy.o(.emb_text)
    __aeabi_memcpy8                          0x00000169   Thumb Code     0  rt_memcpy.o(.emb_text)
    Reset_Handler                            0x000001a1   Thumb Code    12  startup_mkl25z4.o(.text)
    NMI_Handler                              0x000001ad   Thumb Code     2  startup_mkl25z4.o(.text)
    HardFault_Handler                        0x000001af   Thumb Code     2  startup_mkl25z4.o(.text)
    CMP0_IRQHandler                          0x000001b7   Thumb Code     0  startup_mkl25z4.o(.text)
    DAC0_IRQHandler                          0x000001b7   Thumb Code     0  startup_mkl25z4.o(.text)
    DMA1_IRQHandler                          0x000001b7   Thumb Code     0  startup_mkl25z4.o(.text)
    DMA2_IRQHandler                          0x000001b7   Thumb Code     0  startup_mkl25z4.o(.text)
    DMA3_IRQHandler                          0x000001b7   Thumb Code     0  startup_mkl25z4.o(.text)
    DefaultISR                               0x000001b7   Thumb Code     0  startup_mkl25z4.o(.text)
    FTFA_IRQHandler                          0x000001b7   Thumb Code     0  startup_mkl25z4.o(.text)
    I2C0_IRQHandler                          0x000001b7   Thumb Code     0  startup_mkl25z4.o(.text)
    I2C1_IRQHandler                          0x000001b7   Thumb Code     0  startup_mkl25z4.o(.text)
    LLWU_IRQHandler                          0x000001b7   Thumb Code     0  startup_mkl25z4.o(.text)
    LPTMR0_IRQHandler                        0x000001b7   Thumb Code     0  startup_mkl25z4.o(.text)
    LVD_LVW_IRQHandler                       0x000001b7   Thumb Code     0  startup_mkl25z4.o(.text)
    MCG_IRQHandler                           0x000001b7   Thumb Code     0  startup_mkl25z4.o(.text)
    PORTA_IRQHandler                         0x000001b7   Thumb Code     0  startup_mkl25z4.o(.text)
    PORTD_IRQHandler                         0x000001b7   Thumb Code     0  startup_mkl25z4.o(.text)
    RTC_IRQHandler                           0x000001b7   Thumb Code     0  startup_mkl25z4.o(.text)
    RTC_Seconds_IRQHandler                   0x000001b7   Thumb Code     0  startup_mkl25z4.o(.text)
    Reserved20_IRQHandler                    0x000001b7   Thumb Code     0  startup_mkl25z4.o(.text)
    Reserved39_IRQHandler                    0x000001b7   Thumb Code     0  startup_mkl25z4.o(.text)
    Reserved45_IRQHandler                    0x000001b7   Thumb Code     0  startup_mkl25z4.o(.text)
    SPI0_IRQHandler                          0x000001b7   Thumb Code     0  startup_mkl25z4.o(.text)
    SPI1_IRQHandler                          0x000001b7   Thumb Code     0  startup_mkl25z4.o(.text)
    TPM1_IRQHandler                          0x000001b7   Thumb Code     0  startup_mkl25z4.o(.text)
    TPM2_IRQHandler                          0x000001b7   Thumb Code     0  startup_mkl25z4.o(.text)
    TSI0_IRQHandler                          0x000001b7   Thumb Code     0  startup_mkl25z4.o(.text)
    UART0_IRQHandler                         0x000001b7   Thumb Code     0  startup_mkl25z4.o(.text)
    UART1_IRQHandler                         0x000001b7   Thumb Code     0  startup_mkl25z4.o(.text)
    UART2_IRQHandler                         0x000001b7   Thumb Code     0  startup_mkl25z4.o(.text)
    USB0_IRQHandler                          0x000001b7   Thumb Code     0  startup_mkl25z4.o(.text)
    __user_initial_stackheap                 0x000001bd   Thumb Code     0  startup_mkl25z4.o(.text)
    SVC_Handler                              0x000001e1   Thumb Code   132  irq_cm0.o(.text)
    PendSV_Handler                           0x00000265   Thumb Code    12  irq_cm0.o(.text)
    SysTick_Handler                          0x00000271   Thumb Code    12  irq_cm0.o(.text)
    __aeabi_lmul                             0x00000285   Thumb Code    48  llmul.o(.text)
    _ll_mul                                  0x00000285   Thumb Code     0  llmul.o(.text)
    __2sprintf                               0x000002b5   Thumb Code    36  noretval__2sprintf.o(.text)
    __2snprintf                              0x000002dd   Thumb Code    50  noretval__2snprintf.o(.text)
    _printf_pre_padding                      0x00000315   Thumb Code    44  _printf_pad.o(.text)
    _printf_post_padding                     0x00000341   Thumb Code    34  _printf_pad.o(.text)
    _printf_str                              0x00000363   Thumb Code    82  _printf_str.o(.text)
    strlen                                   0x000003b5   Thumb Code    62  strlen.o(.text)
    __use_two_region_memory                  0x000003f9   Thumb Code     2  heapauxi.o(.text)
    __rt_heap_escrow$2region                 0x000003fb   Thumb Code     2  heapauxi.o(.text)
    __rt_heap_expand$2region                 0x000003fd   Thumb Code     2  heapauxi.o(.text)
    __I$use$semihosting                      0x000003ff   Thumb Code     0  use_no_semi.o(.text)
    __use_no_semihosting_swi                 0x000003ff   Thumb Code     2  use_no_semi.o(.text)
    _printf_int_dec                          0x00000411   Thumb Code    90  _printf_dec.o(.text)
    __printf                                 0x0000047d   Thumb Code   270  __printf_wp.o(.text)
    __aeabi_memcpy                           0x0000058b   Thumb Code   130  rt_memcpy.o(.text)
    __rt_memcpy                              0x0000058b   Thumb Code     0  rt_memcpy.o(.text)
    _memset_w                                0x0000060d   Thumb Code    26  rt_memclr.o(.text)
    _memset                                  0x00000627   Thumb Code    30  rt_memclr.o(.text)
    __aeabi_memclr                           0x00000645   Thumb Code     4  rt_memclr.o(.text)
    __rt_memclr                              0x00000645   Thumb Code     0  rt_memclr.o(.text)
    __aeabi_memclr4                          0x00000649   Thumb Code     0  rt_memclr.o(.text)
    __aeabi_memclr8                          0x00000649   Thumb Code     0  rt_memclr.o(.text)
    __rt_memclr_w                            0x00000649   Thumb Code     4  rt_memclr.o(.text)
    __aeabi_uidiv                            0x0000064d   Thumb Code     0  aeabi_sdivfast.o(.text)
    __aeabi_uidivmod                         0x0000064d   Thumb Code    28  aeabi_sdivfast.o(.text)
    __aeabi_idiv                             0x00000669   Thumb Code     0  aeabi_sdivfast.o(.text)
    __aeabi_idivmod                          0x00000669   Thumb Code   460  aeabi_sdivfast.o(.text)
    __aeabi_f2iz                             0x00000835   Thumb Code     0  ffixi.o(.text)
    _ffix                                    0x00000835   Thumb Code    76  ffixi.o(.text)
    __aeabi_f2uiz                            0x00000881   Thumb Code     0  ffixui.o(.text)
    _ffixu                                   0x00000881   Thumb Code    48  ffixui.o(.text)
    __aeabi_i2f_normalise                    0x000008b1   Thumb Code    72  fflti.o(.text)
    __aeabi_i2f                              0x000008f9   Thumb Code    16  fflti.o(.text)
    _fflt                                    0x000008f9   Thumb Code     0  fflti.o(.text)
    __aeabi_ui2f                             0x00000909   Thumb Code     6  fflti.o(.text)
    _ffltu                                   0x00000909   Thumb Code     0  fflti.o(.text)
    _printf_int_common                       0x0000090f   Thumb Code   176  _printf_intcommon.o(.text)
    _printf_char_common                      0x000009cb   Thumb Code    32  _printf_char_common.o(.text)
    _sputc                                   0x000009f1   Thumb Code    10  _sputc.o(.text)
    _snputc                                  0x000009fb   Thumb Code    16  _snputc.o(.text)
    _printf_cs_common                        0x00000a0b   Thumb Code    22  _printf_char.o(.text)
    _printf_char                             0x00000a21   Thumb Code    16  _printf_char.o(.text)
    _printf_string                           0x00000a31   Thumb Code     8  _printf_char.o(.text)
    __rt_udiv10                              0x00000a39   Thumb Code    40  rtudiv10.o(.text)
    __fpl_fcmp_InfNaN                        0x00000a61   Thumb Code    96  fcmpin.o(.text)
    __fpl_cmpreturn                          0x00000ac5   Thumb Code    46  cmpret.o(.text)
    __fpl_fcheck_NaN2                        0x00000af5   Thumb Code    10  fnan2.o(.text)
    __user_libspace                          0x00000b05   Thumb Code     8  libspace.o(.text)
    __user_perproc_libspace                  0x00000b05   Thumb Code     0  libspace.o(.text)
    __user_setup_stackheap                   0x00000b0d   Thumb Code    62  sys_stackheap_outer.o(.text)
    exit                                     0x00000b4b   Thumb Code    16  exit.o(.text)
    __fpl_return_NaN                         0x00000b5b   Thumb Code    94  retnan.o(.text)
    _sys_exit                                0x00000bb9   Thumb Code     8  sys_exit.o(.text)
    __decompress                             0x00000bc5   Thumb Code     0  __dczerorl2.o(.text)
    __decompress1                            0x00000bc5   Thumb Code    86  __dczerorl2.o(.text)
    __semihosting_library_function           0x00000bc5   Thumb Code     0  indicate_semi.o(.text)
    OS_Tick_AcknowledgeIRQ                   0x00000ce9   Thumb Code    12  os_systick.o(.text.OS_Tick_AcknowledgeIRQ)
    OS_Tick_Enable                           0x00000cf5   Thumb Code    44  os_systick.o(.text.OS_Tick_Enable)
    OS_Tick_GetIRQn                          0x00000d21   Thumb Code     6  os_systick.o(.text.OS_Tick_GetIRQn)
    OS_Tick_Setup                            0x00000d29   Thumb Code    76  os_systick.o(.text.OS_Tick_Setup)
    osDelay                                  0x00000e11   Thumb Code    40  rtx_delay.o(.text.osDelay)
    osKernelGetState                         0x00000e39   Thumb Code    48  rtx_kernel.o(.text.osKernelGetState)
    osKernelInitialize                       0x00000e69   Thumb Code    40  rtx_kernel.o(.text.osKernelInitialize)
    osKernelStart                            0x00000e91   Thumb Code    36  rtx_kernel.o(.text.osKernelStart)
    osMessageQueueGet                        0x00000eb5   Thumb Code   116  rtx_msgqueue.o(.text.osMessageQueueGet)
    osMessageQueueGetCount                   0x00000f29   Thumb Code    48  rtx_msgqueue.o(.text.osMessageQueueGetCount)
    osMessageQueueNew                        0x00000f59   Thumb Code    36  rtx_msgqueue.o(.text.osMessageQueueNew)
    osMessageQueuePut                        0x00000f7d   Thumb Code   120  rtx_msgqueue.o(.text.osMessageQueuePut)
    osMutexAcquire                           0x00000ff5   Thumb Code    40  rtx_mutex.o(.text.osMutexAcquire)
    osMutexDelete                            0x0000101d   Thumb Code    40  rtx_mutex.o(.text.osMutexDelete)
    osMutexNew                               0x00001045   Thumb Code    36  rtx_mutex.o(.text.osMutexNew)
    osMutexRelease                           0x00001069   Thumb Code    40  rtx_mutex.o(.text.osMutexRelease)
    osRtxKernelPreInit                       0x00001091   Thumb Code     2  rtx_kernel.o(.text.osRtxKernelPreInit)
    osRtxMemoryAlloc                         0x00001093   Thumb Code   124  rtx_memory.o(.text.osRtxMemoryAlloc)
    osRtxMemoryFree                          0x0000110f   Thumb Code    78  rtx_memory.o(.text.osRtxMemoryFree)
    osRtxMemoryInit                          0x0000115d   Thumb Code    50  rtx_memory.o(.text.osRtxMemoryInit)
    osRtxMemoryPoolAlloc                     0x0000118f   Thumb Code    46  rtx_mempool.o(.text.osRtxMemoryPoolAlloc)
    osRtxMemoryPoolFree                      0x000011bd   Thumb Code    58  rtx_mempool.o(.text.osRtxMemoryPoolFree)
    osRtxMemoryPoolInit                      0x000011f7   Thumb Code    62  rtx_mempool.o(.text.osRtxMemoryPoolInit)
    osRtxMutexOwnerRelease                   0x000012f1   Thumb Code    68  rtx_mutex.o(.text.osRtxMutexOwnerRelease)
    osRtxPendSV_Handler                      0x00001335   Thumb Code   128  rtx_system.o(.text.osRtxPendSV_Handler)
    osRtxPostProcess                         0x000013b5   Thumb Code   108  rtx_system.o(.text.osRtxPostProcess)
    osRtxThreadDelayTick                     0x0000151d   Thumb Code    56  rtx_thread.o(.text.osRtxThreadDelayTick)
    osRtxThreadDispatch                      0x00001555   Thumb Code    80  rtx_thread.o(.text.osRtxThreadDispatch)
    osRtxThreadListGet                       0x000015f9   Thumb Code    20  rtx_thread.o(.text.osRtxThreadListGet)
    osRtxThreadListPut                       0x0000160d   Thumb Code    44  rtx_thread.o(.text.osRtxThreadListPut)
    osRtxThreadListRemove                    0x00001639   Thumb Code    24  rtx_thread.o(.text.osRtxThreadListRemove)
    osRtxThreadListSort                      0x00001651   Thumb Code    38  rtx_thread.o(.text.osRtxThreadListSort)
    osRtxThreadReadyPut                      0x0000169d   Thumb Code    24  rtx_thread.o(.text.osRtxThreadReadyPut)
    osRtxThreadRegPtr                        0x000016b5   Thumb Code     6  rtx_thread.o(.text.osRtxThreadRegPtr)
    osRtxThreadStackCheck                    0x000016bd   Thumb Code    44  rtx_thread.o(.text.osRtxThreadStackCheck)
    osRtxThreadStartup                       0x000016e9   Thumb Code    64  rtx_thread.o(.text.osRtxThreadStartup)
    osRtxThreadSwitch                        0x00001729   Thumb Code    20  rtx_thread.o(.text.osRtxThreadSwitch)
    osRtxThreadWaitEnter                     0x0000173d   Thumb Code    60  rtx_thread.o(.text.osRtxThreadWaitEnter)
    osRtxThreadWaitExit                      0x00001779   Thumb Code    34  rtx_thread.o(.text.osRtxThreadWaitExit)
    osRtxTick_Handler                        0x0000179d   Thumb Code   116  rtx_system.o(.text.osRtxTick_Handler)
    osRtxTimerThread                         0x00001811   Thumb Code    60  rtx_timer.o(.text.osRtxTimerThread)
    osThreadExit                             0x000018ad   Thumb Code    12  rtx_thread.o(.text.osThreadExit)
    osThreadFlagsSet                         0x000018b9   Thumb Code    88  rtx_thread.o(.text.osThreadFlagsSet)
    osThreadNew                              0x00001911   Thumb Code    36  rtx_thread.o(.text.osThreadNew)
    ADC0_IRQHandler                          0x00002405   Thumb Code   442  control.o(i.ADC0_IRQHandler)
    Add_FX                                   0x00002601   Thumb Code     4  fx.o(i.Add_FX)
    Control_DutyCycle_Handler                0x00002605   Thumb Code    54  control.o(i.Control_DutyCycle_Handler)
    Control_HBLED                            0x00002649   Thumb Code   508  control.o(i.Control_HBLED)
    Control_IntNonNegative_Handler           0x00002875   Thumb Code    28  control.o(i.Control_IntNonNegative_Handler)
    Control_OnOff_Handler                    0x00002891   Thumb Code    20  control.o(i.Control_OnOff_Handler)
    Control_RGB_LEDs                         0x000028a5   Thumb Code    52  leds.o(i.Control_RGB_LEDs)
    Create_OS_Objects                        0x000028e1   Thumb Code    50  threads.o(i.Create_OS_Objects)
    DMA0_IRQHandler                          0x00002935   Thumb Code   102  dma.o(i.DMA0_IRQHandler)
    Delay                                    0x000029b9   Thumb Code    20  delay.o(i.Delay)
    Init_ADC_HBLED                           0x000029d1   Thumb Code    78  control.o(i.Init_ADC_HBLED)
    Init_Buck_HBLED                          0x00002a35   Thumb Code   110  control.o(i.Init_Buck_HBLED)
    Init_Debug_Signals                       0x00002abd   Thumb Code   158  debug.o(i.Init_Debug_Signals)
    Init_RGB_LEDs                            0x00002b75   Thumb Code    82  leds.o(i.Init_RGB_LEDs)
    LCD_Draw_Line                            0x00002c2d   Thumb Code   564  lcd_graphics.o(i.LCD_Draw_Line)
    LCD_Erase                                0x00002e61   Thumb Code    10  lcd_text.o(i.LCD_Erase)
    LCD_Fill_Buffer                          0x00002e71   Thumb Code   130  st7789.o(i.LCD_Fill_Buffer)
    LCD_Fill_Rectangle                       0x00002ef3   Thumb Code   202  st7789.o(i.LCD_Fill_Rectangle)
    LCD_GPIO_Init                            0x00002fbd   Thumb Code   294  st7789.o(i.LCD_GPIO_Init)
    LCD_Init                                 0x000030f9   Thumb Code   178  st7789.o(i.LCD_Init)
    LCD_Plot_Pixel                           0x000031c5   Thumb Code   114  st7789.o(i.LCD_Plot_Pixel)
    LCD_Start_Rectangle                      0x00003237   Thumb Code   150  st7789.o(i.LCD_Start_Rectangle)
    LCD_TS_Init                              0x000032cd   Thumb Code    52  touchscreen.o(i.LCD_TS_Init)
    LCD_TS_Read                              0x0000330d   Thumb Code   274  touchscreen.o(i.LCD_TS_Read)
    LCD_Text_Init                            0x00003439   Thumb Code    42  lcd_text.o(i.LCD_Text_Init)
    LCD_Text_PrintChar                       0x00003475   Thumb Code   412  lcd_text.o(i.LCD_Text_PrintChar)
    LCD_Text_PrintStr_RC                     0x0000361d   Thumb Code    82  lcd_text.o(i.LCD_Text_PrintStr_RC)
    LCD_Text_Set_Colors                      0x00003675   Thumb Code    30  lcd_text.o(i.LCD_Text_Set_Colors)
    LCD_Write_Rectangle_Pixel                0x0000369d   Thumb Code    50  st7789.o(i.LCD_Write_Rectangle_Pixel)
    Multiply_FX                              0x000036cf   Thumb Code    22  fx.o(i.Multiply_FX)
    PIT_IRQHandler                           0x000036e5   Thumb Code   130  timers.o(i.PIT_IRQHandler)
    PWM_Init                                 0x0000378d   Thumb Code   122  timers.o(i.PWM_Init)
    PWM_Set_Value                            0x00003819   Thumb Code     8  timers.o(i.PWM_Set_Value)
    Sound_Disable_Amp                        0x00003821   Thumb Code    10  sound.o(i.Sound_Disable_Amp)
    Subtract_FX                              0x00003831   Thumb Code     4  fx.o(i.Subtract_FX)
    SystemInit                               0x00003835   Thumb Code   184  system_mkl25z4.o(i.SystemInit)
    TPM0_IRQHandler                          0x0000391d   Thumb Code    44  timers.o(i.TPM0_IRQHandler)
    TPM0_Start                               0x00003959   Thumb Code    12  timers.o(i.TPM0_Start)
    Thread_Buck_Update_Setpoint              0x00003969   Thumb Code    12  threads.o(i.Thread_Buck_Update_Setpoint)
    Thread_Read_TS                           0x00003975   Thumb Code    34  threads.o(i.Thread_Read_TS)
    Thread_Update_Screen                     0x0000399d   Thumb Code    30  threads.o(i.Thread_Update_Screen)
    UI_Draw_Current                          0x000039c1   Thumb Code   190  ui.o(i.UI_Draw_Current)
    UI_Draw_Screen                           0x00003ab5   Thumb Code   298  ui.o(i.UI_Draw_Screen)
    UI_Identify_Field                        0x00003c11   Thumb Code   138  ui.o(i.UI_Identify_Field)
    UI_Process_Touch                         0x00003cad   Thumb Code   260  ui.o(i.UI_Process_Touch)
    UI_Update_Field_Values                   0x00003dc1   Thumb Code    66  ui.o(i.UI_Update_Field_Values)
    Update_Set_Current                       0x00003e11   Thumb Code    94  control.o(i.Update_Set_Current)
    _is_digit                                0x00003e7d   Thumb Code    14  __printf_wp.o(i._is_digit)
    _mutex_acquire                           0x00003e8d   Thumb Code    44  rtx_lib.o(i._mutex_acquire)
    _mutex_free                              0x00003ebd   Thumb Code    10  rtx_lib.o(i._mutex_free)
    _mutex_initialize                        0x00003ec7   Thumb Code    34  rtx_lib.o(i._mutex_initialize)
    _mutex_release                           0x00003ee9   Thumb Code    40  rtx_lib.o(i._mutex_release)
    _platform_post_stackheap_init            0x00003f15   Thumb Code     8  rtx_lib.o(i._platform_post_stackheap_init)
    main                                     0x00003f1d   Thumb Code    82  main.o(i.main)
    osRtxErrorNotify                         0x00003f7d   Thumb Code     2  rtx_config.o(i.osRtxErrorNotify)
    osRtxIdleThread                          0x00003f81   Thumb Code    10  rtx_config.o(i.osRtxIdleThread)
    __aeabi_fadd                             0x00003f91   Thumb Code     0  faddsub.o(x$fpl$fadd)
    _fadd                                    0x00003f91   Thumb Code   134  faddsub.o(x$fpl$fadd)
    __aeabi_fmul                             0x0000401d   Thumb Code     0  fmul.o(x$fpl$fmul)
    _fmul                                    0x0000401d   Thumb Code   172  fmul.o(x$fpl$fmul)
    __aeabi_cfrcmple                         0x000040cd   Thumb Code     0  frlef.o(x$fpl$frleqf)
    _frcmple                                 0x000040cd   Thumb Code    84  frlef.o(x$fpl$frleqf)
    __aeabi_fsub                             0x00004125   Thumb Code     0  faddsub.o(x$fpl$fsub)
    _fsub                                    0x00004125   Thumb Code   204  faddsub.o(x$fpl$fsub)
    Read_TS_attr                             0x000041f4   Data          36  threads.o(.constdata)
    __I$use$fp                               0x000041f4   Number         0  usenofp.o(x$fpl$usenofp)
    Update_Screen_attr                       0x00004218   Data          36  threads.o(.constdata)
    BUS_attr                                 0x0000423c   Data          36  threads.o(.constdata)
    LCD_mutex_attr                           0x00004260   Data          16  threads.o(.constdata)
    Lucida_Console12x19                      0x00004280   Data        3831  lucida_12x19.o(.constdata)
    Init_Seq_ST7789                          0x00005177   Data         142  st7789.o(.constdata)
    RegionTable                              0x00005208   Data          32  region.o(.constdata)
    NumProfileRegions                        0x00005228   Data           4  region.o(.constdata)
    osRtxUserSVC                             0x0000528c   Data           4  rtx_lib.o(.constdata)
    osRtxConfig                              0x0000529c   Data         104  rtx_lib.o(.rodata)
    os_cb_sections                           0x00005304   Data          56  rtx_lib.o(.rodata)
    Region$$Table$$Base                      0x00005348   Number         0  anon$$obj.o(Region$$Table)
    Region$$Table$$Limit                     0x00005368   Number         0  anon$$obj.o(Region$$Table)
    .bss.os.msgqueue.cb$$Base                0x20000040   Number         0  rtx_lib.o(.bss.os.msgqueue.cb)
    .bss.os.msgqueue.cb$$Limit               0x20000074   Number         0  rtx_lib.o(.bss.os.msgqueue.cb)
    .bss.os.thread.cb$$Base                  0x200000c4   Number         0  rtx_lib.o(.bss.os.thread.cb)
    .bss.os.thread.cb$$Limit                 0x2000014c   Number         0  rtx_lib.o(.bss.os.thread.cb)
    time_remaining                           0x20000350   Data           2  control.o(.data)
    diff                                     0x20000352   Data           2  control.o(.data)
    g_duty_cycle                             0x20000354   Data           4  control.o(.data)
    g_enable_flash                           0x20000358   Data           4  control.o(.data)
    g_peak_set_current                       0x2000035c   Data           4  control.o(.data)
    g_flash_duration                         0x20000360   Data           4  control.o(.data)
    g_flash_period                           0x20000364   Data           4  control.o(.data)
    g_enable_control                         0x20000368   Data           4  control.o(.data)
    g_set_current                            0x2000036c   Data           4  control.o(.data)
    samples_taken                            0x20000370   Data           4  control.o(.data)
    state                                    0x20000374   Data           4  control.o(.data)
    pGain_8                                  0x20000378   Data           4  control.o(.data)
    direction                                0x20000384   Data           4  control.o(.data)
    g_measured_current                       0x20000388   Data           4  control.o(.data)
    queued_in                                0x2000038c   Data           8  control.o(.data)
    queued_out                               0x20000394   Data           8  control.o(.data)
    plantPID                                 0x2000039c   Data          28  control.o(.data)
    plantPID_FX                              0x200003b8   Data          28  control.o(.data)
    read_buffer_num                          0x200003d4   Data           1  dma.o(.data)
    Reload_DMA_Byte_Count                    0x200003d8   Data           4  dma.o(.data)
    DMA_Playback_Count                       0x200003dc   Data           4  dma.o(.data)
    Reload_DMA_Source                        0x200003e0   Data           8  dma.o(.data)
    control_mode                             0x200003e8   Data           1  main.o(.data)
    t_Read_TS                                0x200003ec   Data           4  threads.o(.data)
    t_US                                     0x200003f0   Data           4  threads.o(.data)
    t_BUS                                    0x200003f4   Data           4  threads.o(.data)
    LCD_mutex                                0x200003f8   Data           4  threads.o(.data)
    t_Refill_Sound_Buffer                    0x200003fc   Data           4  threads.o(.data)
    PC_val                                   0x20000400   Data           4  timers.o(.data)
    UI_sel_field                             0x20000408   Data           4  ui.o(.data)
    Fields                                   0x20000434   Data         672  ui.o(.data)
    Slider                                   0x200006d4   Data          48  ui.o(.data)
    G_LCD_char_width                         0x20000704   Data           1  lcd_text.o(.data)
    G_LCD_char_height                        0x20000705   Data           1  lcd_text.o(.data)
    fg                                       0x20000706   Data           3  lcd_text.o(.data)
    bg                                       0x20000709   Data           3  lcd_text.o(.data)
    font                                     0x2000070c   Data           4  lcd_text.o(.data)
    font_header                              0x20000710   Data           4  lcd_text.o(.data)
    glyph_index                              0x20000714   Data           4  lcd_text.o(.data)
    LCD_TS_Calibrated                        0x20000718   Data           1  touchscreen.o(.data)
    LCD_TS_X_Scale                           0x2000071c   Data           4  touchscreen.o(.data)
    LCD_TS_X_Offset                          0x20000720   Data           4  touchscreen.o(.data)
    LCD_TS_Y_Scale                           0x20000724   Data           4  touchscreen.o(.data)
    LCD_TS_Y_Offset                          0x20000728   Data           4  touchscreen.o(.data)
    q_read_TS                                0x2000072c   Data           4  touchscreen.o(.data)
    q_post_ADC                               0x20000730   Data           4  touchscreen.o(.data)
    TS_Min                                   0x20000734   Data           8  touchscreen.o(.data)
    TS_Max                                   0x2000073c   Data           8  touchscreen.o(.data)
    black                                    0x20000744   Data           3  colors.o(.data)
    white                                    0x20000747   Data           3  colors.o(.data)
    red                                      0x2000074a   Data           3  colors.o(.data)
    green                                    0x2000074d   Data           3  colors.o(.data)
    dark_green                               0x20000750   Data           3  colors.o(.data)
    dark_magenta                             0x20000753   Data           3  colors.o(.data)
    light_gray                               0x20000756   Data           3  colors.o(.data)
    dark_gray                                0x20000759   Data           3  colors.o(.data)
    adx_lost                                 0x2000075c   Data           4  profile.o(.data)
    num_lost                                 0x20000760   Data           4  profile.o(.data)
    profile_samples                          0x20000764   Data           4  profile.o(.data)
    profiling_enabled                        0x20000768   Data           1  profile.o(.data)
    RegionCount                              0x2000076c   Data           4  region.o(.data)
    SystemCoreClock                          0x20000774   Data           4  system_mkl25z4.o(.data)
    osRtxInfo                                0x20000778   Data         164  rtx_kernel.o(.data.os)
    g_measured_accum                         0x2000081c   Data        3840  control.o(.bss)
    g_set_accum                              0x2000171c   Data        3840  control.o(.bss)
    __libspace_start                         0x2000261c   Data          96  libspace.o(.bss)
    __temporary_stack_top$libspace           0x2000267c   Data           0  libspace.o(.bss)



==============================================================================

Memory Map of the image

  Image Entry point : 0x000001a1

  Load Region LR_1 (Base: 0x00000000, Size: 0x00006b84, Max: 0xffffffff, ABSOLUTE, COMPRESSED[0x000054bc])

    Execution Region ER_RO (Exec base: 0x00000000, Load base: 0x00000000, Size: 0x00005368, Max: 0xffffffff, ABSOLUTE)

    Exec Addr    Load Addr    Size         Type   Attr      Idx    E Section Name        Object

    0x00000000   0x00000000   0x000000c0   Data   RO         1229    RESET               startup_mkl25z4.o
    0x000000c0   0x000000c0   0x00000008   Code   RO         1790  * !!!main             c_p.l(__main.o)
    0x000000c8   0x000000c8   0x0000003c   Code   RO         2050    !!!scatter          c_p.l(__scatter.o)
    0x00000104   0x00000104   0x0000001c   Code   RO         2052    !!handler_zi        c_p.l(__scatter_zi.o)
    0x00000120   0x00000120   0x00000002   Code   RO         1775    .ARM.Collect$$_printf_percent$$00000000  c_p.l(_printf_percent.o)
    0x00000122   0x00000122   0x0000000a   Code   RO         1774    .ARM.Collect$$_printf_percent$$00000009  c_p.l(_printf_d.o)
    0x0000012c   0x0000012c   0x0000000a   Code   RO         1773    .ARM.Collect$$_printf_percent$$00000014  c_p.l(_printf_s.o)
    0x00000136   0x00000136   0x00000004   Code   RO         1842    .ARM.Collect$$_printf_percent$$00000017  c_p.l(_printf_percent_end.o)
    0x0000013a   0x0000013a   0x00000002   Code   RO         1918    .ARM.Collect$$libinit$$00000000  c_p.l(libinit.o)
    0x0000013c   0x0000013c   0x00000000   Code   RO         1931    .ARM.Collect$$libinit$$00000002  c_p.l(libinit2.o)
    0x0000013c   0x0000013c   0x00000000   Code   RO         1933    .ARM.Collect$$libinit$$00000004  c_p.l(libinit2.o)
    0x0000013c   0x0000013c   0x00000000   Code   RO         1936    .ARM.Collect$$libinit$$0000000A  c_p.l(libinit2.o)
    0x0000013c   0x0000013c   0x00000000   Code   RO         1938    .ARM.Collect$$libinit$$0000000C  c_p.l(libinit2.o)
    0x0000013c   0x0000013c   0x00000000   Code   RO         1940    .ARM.Collect$$libinit$$0000000E  c_p.l(libinit2.o)
    0x0000013c   0x0000013c   0x00000000   Code   RO         1943    .ARM.Collect$$libinit$$00000011  c_p.l(libinit2.o)
    0x0000013c   0x0000013c   0x00000000   Code   RO         1945    .ARM.Collect$$libinit$$00000013  c_p.l(libinit2.o)
    0x0000013c   0x0000013c   0x00000000   Code   RO         1947    .ARM.Collect$$libinit$$00000015  c_p.l(libinit2.o)
    0x0000013c   0x0000013c   0x00000000   Code   RO         1949    .ARM.Collect$$libinit$$00000017  c_p.l(libinit2.o)
    0x0000013c   0x0000013c   0x00000000   Code   RO         1951    .ARM.Collect$$libinit$$00000019  c_p.l(libinit2.o)
    0x0000013c   0x0000013c   0x00000000   Code   RO         1953    .ARM.Collect$$libinit$$0000001B  c_p.l(libinit2.o)
    0x0000013c   0x0000013c   0x00000000   Code   RO         1955    .ARM.Collect$$libinit$$0000001D  c_p.l(libinit2.o)
    0x0000013c   0x0000013c   0x00000000   Code   RO         1957    .ARM.Collect$$libinit$$0000001F  c_p.l(libinit2.o)
    0x0000013c   0x0000013c   0x00000000   Code   RO         1959    .ARM.Collect$$libinit$$00000021  c_p.l(libinit2.o)
    0x0000013c   0x0000013c   0x00000000   Code   RO         1961    .ARM.Collect$$libinit$$00000023  c_p.l(libinit2.o)
    0x0000013c   0x0000013c   0x00000000   Code   RO         1963    .ARM.Collect$$libinit$$00000025  c_p.l(libinit2.o)
    0x0000013c   0x0000013c   0x00000000   Code   RO         1967    .ARM.Collect$$libinit$$0000002C  c_p.l(libinit2.o)
    0x0000013c   0x0000013c   0x00000000   Code   RO         1969    .ARM.Collect$$libinit$$0000002E  c_p.l(libinit2.o)
    0x0000013c   0x0000013c   0x00000000   Code   RO         1971    .ARM.Collect$$libinit$$00000030  c_p.l(libinit2.o)
    0x0000013c   0x0000013c   0x00000000   Code   RO         1973    .ARM.Collect$$libinit$$00000032  c_p.l(libinit2.o)
    0x0000013c   0x0000013c   0x00000002   Code   RO         1974    .ARM.Collect$$libinit$$00000033  c_p.l(libinit2.o)
    0x0000013e   0x0000013e   0x00000002   Code   RO         2005    .ARM.Collect$$libshutdown$$00000000  c_p.l(libshutdown.o)
    0x00000140   0x00000140   0x00000000   Code   RO         2031    .ARM.Collect$$libshutdown$$00000002  c_p.l(libshutdown2.o)
    0x00000140   0x00000140   0x00000000   Code   RO         2033    .ARM.Collect$$libshutdown$$00000004  c_p.l(libshutdown2.o)
    0x00000140   0x00000140   0x00000000   Code   RO         2036    .ARM.Collect$$libshutdown$$00000007  c_p.l(libshutdown2.o)
    0x00000140   0x00000140   0x00000000   Code   RO         2039    .ARM.Collect$$libshutdown$$0000000A  c_p.l(libshutdown2.o)
    0x00000140   0x00000140   0x00000000   Code   RO         2041    .ARM.Collect$$libshutdown$$0000000C  c_p.l(libshutdown2.o)
    0x00000140   0x00000140   0x00000000   Code   RO         2044    .ARM.Collect$$libshutdown$$0000000F  c_p.l(libshutdown2.o)
    0x00000140   0x00000140   0x00000002   Code   RO         2045    .ARM.Collect$$libshutdown$$00000010  c_p.l(libshutdown2.o)
    0x00000142   0x00000142   0x00000000   Code   RO         1825    .ARM.Collect$$rtentry$$00000000  c_p.l(__rtentry.o)
    0x00000142   0x00000142   0x00000000   Code   RO         1872    .ARM.Collect$$rtentry$$00000002  c_p.l(__rtentry2.o)
    0x00000142   0x00000142   0x00000006   Code   RO         1884    .ARM.Collect$$rtentry$$00000004  c_p.l(__rtentry4.o)
    0x00000148   0x00000148   0x00000008   Code   RO         1873    .ARM.Collect$$rtentry$$00000008  c_p.l(__rtentry2.o)
    0x00000150   0x00000150   0x00000004   Code   RO         1875    .ARM.Collect$$rtentry$$0000000A  c_p.l(__rtentry2.o)
    0x00000154   0x00000154   0x00000000   Code   RO         1877    .ARM.Collect$$rtentry$$0000000C  c_p.l(__rtentry2.o)
    0x00000154   0x00000154   0x00000008   Code   RO         1878    .ARM.Collect$$rtentry$$0000000D  c_p.l(__rtentry2.o)
    0x0000015c   0x0000015c   0x00000002   Code   RO         1922    .ARM.Collect$$rtexit$$00000000  c_p.l(rtexit.o)
    0x0000015e   0x0000015e   0x00000000   Code   RO         1978    .ARM.Collect$$rtexit$$00000002  c_p.l(rtexit2.o)
    0x0000015e   0x0000015e   0x00000004   Code   RO         1979    .ARM.Collect$$rtexit$$00000003  c_p.l(rtexit2.o)
    0x00000162   0x00000162   0x00000006   Code   RO         1980    .ARM.Collect$$rtexit$$00000004  c_p.l(rtexit2.o)
    0x00000168   0x00000168   0x00000038   Code   RO         1778    .emb_text           c_p.l(rt_memcpy.o)
    0x000001a0   0x000001a0   0x00000040   Code   RO         1231  * .text               startup_mkl25z4.o
    0x000001e0   0x000001e0   0x000000a4   Code   RO         1577    .text               RTX_CM0.lib(irq_cm0.o)
    0x00000284   0x00000284   0x00000030   Code   RO         1735    .text               c_p.l(llmul.o)
    0x000002b4   0x000002b4   0x00000028   Code   RO         1741    .text               c_p.l(noretval__2sprintf.o)
    0x000002dc   0x000002dc   0x00000038   Code   RO         1743    .text               c_p.l(noretval__2snprintf.o)
    0x00000314   0x00000314   0x0000004e   Code   RO         1747    .text               c_p.l(_printf_pad.o)
    0x00000362   0x00000362   0x00000052   Code   RO         1749    .text               c_p.l(_printf_str.o)
    0x000003b4   0x000003b4   0x00000044   Code   RO         1776    .text               c_p.l(strlen.o)
    0x000003f8   0x000003f8   0x00000006   Code   RO         1788    .text               c_p.l(heapauxi.o)
    0x000003fe   0x000003fe   0x00000002   Code   RO         1994    .text               c_p.l(use_no_semi.o)
    0x00000400   0x00000400   0x00000010   Code   RO         1230    .ARM.__at_0x400     startup_mkl25z4.o
    0x00000410   0x00000410   0x0000006c   Code   RO         1751    .text               c_p.l(_printf_dec.o)
    0x0000047c   0x0000047c   0x0000010e   Code   RO         1761    .text               c_p.l(__printf_wp.o)
    0x0000058a   0x0000058a   0x00000082   Code   RO         1779    .text               c_p.l(rt_memcpy.o)
    0x0000060c   0x0000060c   0x00000040   Code   RO         1782    .text               c_p.l(rt_memclr.o)
    0x0000064c   0x0000064c   0x000001e8   Code   RO         1784    .text               c_p.l(aeabi_sdivfast.o)
    0x00000834   0x00000834   0x0000004c   Code   RO         1807    .text               fz_ps.l(ffixi.o)
    0x00000880   0x00000880   0x00000030   Code   RO         1809    .text               fz_ps.l(ffixui.o)
    0x000008b0   0x000008b0   0x0000005e   Code   RO         1811    .text               fz_ps.l(fflti.o)
    0x0000090e   0x0000090e   0x000000b0   Code   RO         1832    .text               c_p.l(_printf_intcommon.o)
    0x000009be   0x000009be   0x00000002   PAD
    0x000009c0   0x000009c0   0x00000030   Code   RO         1834    .text               c_p.l(_printf_char_common.o)
    0x000009f0   0x000009f0   0x0000000a   Code   RO         1836    .text               c_p.l(_sputc.o)
    0x000009fa   0x000009fa   0x00000010   Code   RO         1838    .text               c_p.l(_snputc.o)
    0x00000a0a   0x00000a0a   0x0000002e   Code   RO         1840    .text               c_p.l(_printf_char.o)
    0x00000a38   0x00000a38   0x00000028   Code   RO         1843    .text               c_p.l(rtudiv10.o)
    0x00000a60   0x00000a60   0x00000064   Code   RO         1845    .text               fz_ps.l(fcmpin.o)
    0x00000ac4   0x00000ac4   0x0000002e   Code   RO         1897    .text               fz_ps.l(cmpret.o)
    0x00000af2   0x00000af2   0x00000002   PAD
    0x00000af4   0x00000af4   0x00000010   Code   RO         1899    .text               fz_ps.l(fnan2.o)
    0x00000b04   0x00000b04   0x00000008   Code   RO         1903    .text               c_p.l(libspace.o)
    0x00000b0c   0x00000b0c   0x0000003e   Code   RO         1906    .text               c_p.l(sys_stackheap_outer.o)
    0x00000b4a   0x00000b4a   0x00000010   Code   RO         1909    .text               c_p.l(exit.o)
    0x00000b5a   0x00000b5a   0x0000005e   Code   RO         1919    .text               fz_ps.l(retnan.o)
    0x00000bb8   0x00000bb8   0x0000000c   Code   RO         1975    .text               c_p.l(sys_exit.o)
    0x00000bc4   0x00000bc4   0x00000000   Code   RO         1996    .text               c_p.l(indicate_semi.o)
    0x00000bc4   0x00000bc4   0x00000056   Code   RO         2048    .text               c_p.l(__dczerorl2.o)
    0x00000c1a   0x00000c1a   0x0000004c   Code   RO         1560    .text.MessageQueueGet  RTX_CM0.lib(rtx_msgqueue.o)
    0x00000c66   0x00000c66   0x00000062   Code   RO         1554    .text.MessageQueuePut  RTX_CM0.lib(rtx_msgqueue.o)
    0x00000cc8   0x00000cc8   0x0000001e   Code   RO         1552    .text.MessageQueueRemove  RTX_CM0.lib(rtx_msgqueue.o)
    0x00000ce6   0x00000ce6   0x00000002   PAD
    0x00000ce8   0x00000ce8   0x0000000c   Code   RO         1712    .text.OS_Tick_AcknowledgeIRQ  RTX_CM0.lib(os_systick.o)
    0x00000cf4   0x00000cf4   0x0000002c   Code   RO         1708    .text.OS_Tick_Enable  RTX_CM0.lib(os_systick.o)
    0x00000d20   0x00000d20   0x00000006   Code   RO         1714    .text.OS_Tick_GetIRQn  RTX_CM0.lib(os_systick.o)
    0x00000d26   0x00000d26   0x00000002   PAD
    0x00000d28   0x00000d28   0x0000004c   Code   RO         1706    .text.OS_Tick_Setup  RTX_CM0.lib(os_systick.o)
    0x00000d74   0x00000d74   0x0000004e   Code   RO         1415    .text.ThreadFlagsCheck  RTX_CM0.lib(rtx_thread.o)
    0x00000dc2   0x00000dc2   0x00000002   PAD
    0x00000dc4   0x00000dc4   0x0000004c   Code   RO         1598    .text.TimerInsert   RTX_CM0.lib(rtx_timer.o)
    0x00000e10   0x00000e10   0x00000028   Code   RO         1468    .text.osDelay       RTX_CM0.lib(rtx_delay.o)
    0x00000e38   0x00000e38   0x00000030   Code   RO         1278    .text.osKernelGetState  RTX_CM0.lib(rtx_kernel.o)
    0x00000e68   0x00000e68   0x00000028   Code   RO         1272    .text.osKernelInitialize  RTX_CM0.lib(rtx_kernel.o)
    0x00000e90   0x00000e90   0x00000024   Code   RO         1282    .text.osKernelStart  RTX_CM0.lib(rtx_kernel.o)
    0x00000eb4   0x00000eb4   0x00000074   Code   RO         1526    .text.osMessageQueueGet  RTX_CM0.lib(rtx_msgqueue.o)
    0x00000f28   0x00000f28   0x00000030   Code   RO         1536    .text.osMessageQueueGetCount  RTX_CM0.lib(rtx_msgqueue.o)
    0x00000f58   0x00000f58   0x00000024   Code   RO         1520    .text.osMessageQueueNew  RTX_CM0.lib(rtx_msgqueue.o)
    0x00000f7c   0x00000f7c   0x00000078   Code   RO         1524    .text.osMessageQueuePut  RTX_CM0.lib(rtx_msgqueue.o)
    0x00000ff4   0x00000ff4   0x00000028   Code   RO         1491    .text.osMutexAcquire  RTX_CM0.lib(rtx_mutex.o)
    0x0000101c   0x0000101c   0x00000028   Code   RO         1497    .text.osMutexDelete  RTX_CM0.lib(rtx_mutex.o)
    0x00001044   0x00001044   0x00000024   Code   RO         1487    .text.osMutexNew    RTX_CM0.lib(rtx_mutex.o)
    0x00001068   0x00001068   0x00000028   Code   RO         1493    .text.osMutexRelease  RTX_CM0.lib(rtx_mutex.o)
    0x00001090   0x00001090   0x00000002   Code   RO         1270    .text.osRtxKernelPreInit  RTX_CM0.lib(rtx_kernel.o)
    0x00001092   0x00001092   0x0000007c   Code   RO         1625    .text.osRtxMemoryAlloc  RTX_CM0.lib(rtx_memory.o)
    0x0000110e   0x0000110e   0x0000004e   Code   RO         1627    .text.osRtxMemoryFree  RTX_CM0.lib(rtx_memory.o)
    0x0000115c   0x0000115c   0x00000032   Code   RO         1623    .text.osRtxMemoryInit  RTX_CM0.lib(rtx_memory.o)
    0x0000118e   0x0000118e   0x0000002e   Code   RO         1640    .text.osRtxMemoryPoolAlloc  RTX_CM0.lib(rtx_mempool.o)
    0x000011bc   0x000011bc   0x0000003a   Code   RO         1642    .text.osRtxMemoryPoolFree  RTX_CM0.lib(rtx_mempool.o)
    0x000011f6   0x000011f6   0x0000003e   Code   RO         1638    .text.osRtxMemoryPoolInit  RTX_CM0.lib(rtx_mempool.o)
    0x00001234   0x00001234   0x000000bc   Code   RO         1550    .text.osRtxMessageQueuePostProcess  RTX_CM0.lib(rtx_msgqueue.o)
    0x000012f0   0x000012f0   0x00000044   Code   RO         1485    .text.osRtxMutexOwnerRelease  RTX_CM0.lib(rtx_mutex.o)
    0x00001334   0x00001334   0x00000080   Code   RO         1693    .text.osRtxPendSV_Handler  RTX_CM0.lib(rtx_system.o)
    0x000013b4   0x000013b4   0x0000006c   Code   RO         1695    .text.osRtxPostProcess  RTX_CM0.lib(rtx_system.o)
    0x00001420   0x00001420   0x00000038   Code   RO         1355    .text.osRtxThreadBlock  RTX_CM0.lib(rtx_thread.o)
    0x00001458   0x00001458   0x00000080   Code   RO         1363    .text.osRtxThreadDelayInsert  RTX_CM0.lib(rtx_thread.o)
    0x000014d8   0x000014d8   0x00000044   Code   RO         1359    .text.osRtxThreadDelayRemove  RTX_CM0.lib(rtx_thread.o)
    0x0000151c   0x0000151c   0x00000038   Code   RO         1345    .text.osRtxThreadDelayTick  RTX_CM0.lib(rtx_thread.o)
    0x00001554   0x00001554   0x00000050   Code   RO         1353    .text.osRtxThreadDispatch  RTX_CM0.lib(rtx_thread.o)
    0x000015a4   0x000015a4   0x00000054   Code   RO         1439    .text.osRtxThreadFree  RTX_CM0.lib(rtx_thread.o)
    0x000015f8   0x000015f8   0x00000014   Code   RO         1337    .text.osRtxThreadListGet  RTX_CM0.lib(rtx_thread.o)
    0x0000160c   0x0000160c   0x0000002c   Code   RO         1335    .text.osRtxThreadListPut  RTX_CM0.lib(rtx_thread.o)
    0x00001638   0x00001638   0x00000018   Code   RO         1341    .text.osRtxThreadListRemove  RTX_CM0.lib(rtx_thread.o)
    0x00001650   0x00001650   0x00000026   Code   RO         1339    .text.osRtxThreadListSort  RTX_CM0.lib(rtx_thread.o)
    0x00001676   0x00001676   0x00000026   Code   RO         1413    .text.osRtxThreadPostProcess  RTX_CM0.lib(rtx_thread.o)
    0x0000169c   0x0000169c   0x00000018   Code   RO         1343    .text.osRtxThreadReadyPut  RTX_CM0.lib(rtx_thread.o)
    0x000016b4   0x000016b4   0x00000006   Code   RO         1347    .text.osRtxThreadRegPtr  RTX_CM0.lib(rtx_thread.o)
    0x000016ba   0x000016ba   0x00000002   PAD
    0x000016bc   0x000016bc   0x0000002c   Code   RO         1351    .text.osRtxThreadStackCheck  RTX_CM0.lib(rtx_thread.o)
    0x000016e8   0x000016e8   0x00000040   Code   RO         1365    .text.osRtxThreadStartup  RTX_CM0.lib(rtx_thread.o)
    0x00001728   0x00001728   0x00000014   Code   RO         1349    .text.osRtxThreadSwitch  RTX_CM0.lib(rtx_thread.o)
    0x0000173c   0x0000173c   0x0000003c   Code   RO         1361    .text.osRtxThreadWaitEnter  RTX_CM0.lib(rtx_thread.o)
    0x00001778   0x00001778   0x00000022   Code   RO         1357    .text.osRtxThreadWaitExit  RTX_CM0.lib(rtx_thread.o)
    0x0000179a   0x0000179a   0x00000002   PAD
    0x0000179c   0x0000179c   0x00000074   Code   RO         1691    .text.osRtxTick_Handler  RTX_CM0.lib(rtx_system.o)
    0x00001810   0x00001810   0x0000003c   Code   RO         1582    .text.osRtxTimerThread  RTX_CM0.lib(rtx_timer.o)
    0x0000184c   0x0000184c   0x00000060   Code   RO         1584    .text.osRtxTimerTick  RTX_CM0.lib(rtx_timer.o)
    0x000018ac   0x000018ac   0x0000000c   Code   RO         1397    .text.osThreadExit  RTX_CM0.lib(rtx_thread.o)
    0x000018b8   0x000018b8   0x00000058   Code   RO         1405    .text.osThreadFlagsSet  RTX_CM0.lib(rtx_thread.o)
    0x00001910   0x00001910   0x00000024   Code   RO         1369    .text.osThreadNew   RTX_CM0.lib(rtx_thread.o)
    0x00001934   0x00001934   0x00000012   Code   RO         1472    .text.svcRtxDelay   RTX_CM0.lib(rtx_delay.o)
    0x00001946   0x00001946   0x00000002   PAD
    0x00001948   0x00001948   0x0000000c   Code   RO         1280    .text.svcRtxKernelGetState  RTX_CM0.lib(rtx_kernel.o)
    0x00001954   0x00001954   0x00000148   Code   RO         1310    .text.svcRtxKernelInitialize  RTX_CM0.lib(rtx_kernel.o)
    0x00001a9c   0x00001a9c   0x00000084   Code   RO         1312    .text.svcRtxKernelStart  RTX_CM0.lib(rtx_kernel.o)
    0x00001b20   0x00001b20   0x000000e8   Code   RO         1562    .text.svcRtxMessageQueueGet  RTX_CM0.lib(rtx_msgqueue.o)
    0x00001c08   0x00001c08   0x00000012   Code   RO         1538    .text.svcRtxMessageQueueGetCount  RTX_CM0.lib(rtx_msgqueue.o)
    0x00001c1a   0x00001c1a   0x00000002   PAD
    0x00001c1c   0x00001c1c   0x000001e4   Code   RO         1548    .text.svcRtxMessageQueueNew  RTX_CM0.lib(rtx_msgqueue.o)
    0x00001e00   0x00001e00   0x000000bc   Code   RO         1558    .text.svcRtxMessageQueuePut  RTX_CM0.lib(rtx_msgqueue.o)
    0x00001ebc   0x00001ebc   0x00000098   Code   RO         1503    .text.svcRtxMutexAcquire  RTX_CM0.lib(rtx_mutex.o)
    0x00001f54   0x00001f54   0x000000bc   Code   RO         1509    .text.svcRtxMutexDelete  RTX_CM0.lib(rtx_mutex.o)
    0x00002010   0x00002010   0x00000070   Code   RO         1499    .text.svcRtxMutexNew  RTX_CM0.lib(rtx_mutex.o)
    0x00002080   0x00002080   0x000000c0   Code   RO         1505    .text.svcRtxMutexRelease  RTX_CM0.lib(rtx_mutex.o)
    0x00002140   0x00002140   0x0000006c   Code   RO         1443    .text.svcRtxThreadExit  RTX_CM0.lib(rtx_thread.o)
    0x000021ac   0x000021ac   0x0000006c   Code   RO         1451    .text.svcRtxThreadFlagsSet  RTX_CM0.lib(rtx_thread.o)
    0x00002218   0x00002218   0x000001ec   Code   RO         1367    .text.svcRtxThreadNew  RTX_CM0.lib(rtx_thread.o)
    0x00002404   0x00002404   0x000001fc   Code   RO            3    i.ADC0_IRQHandler   control.o
    0x00002600   0x00002600   0x00000004   Code   RO          281    i.Add_FX            fx.o
    0x00002604   0x00002604   0x00000044   Code   RO            4    i.Control_DutyCycle_Handler  control.o
    0x00002648   0x00002648   0x0000022c   Code   RO            5    i.Control_HBLED     control.o
    0x00002874   0x00002874   0x0000001c   Code   RO            6    i.Control_IntNonNegative_Handler  control.o
    0x00002890   0x00002890   0x00000014   Code   RO            7    i.Control_OnOff_Handler  control.o
    0x000028a4   0x000028a4   0x0000003c   Code   RO          313    i.Control_RGB_LEDs  leds.o
    0x000028e0   0x000028e0   0x00000054   Code   RO          483    i.Create_OS_Objects  threads.o
    0x00002934   0x00002934   0x00000084   Code   RO          230    i.DMA0_IRQHandler   dma.o
    0x000029b8   0x000029b8   0x00000018   Code   RO          203    i.Delay             delay.o
    0x000029d0   0x000029d0   0x00000064   Code   RO            8    i.Init_ADC_HBLED    control.o
    0x00002a34   0x00002a34   0x00000088   Code   RO            9    i.Init_Buck_HBLED   control.o
    0x00002abc   0x00002abc   0x000000b8   Code   RO          180    i.Init_Debug_Signals  debug.o
    0x00002b74   0x00002b74   0x00000068   Code   RO          314    i.Init_RGB_LEDs     leds.o
    0x00002bdc   0x00002bdc   0x00000028   Code   RO          846    i.LCD_24S_Write_Command  st7789.o
    0x00002c04   0x00002c04   0x00000028   Code   RO          847    i.LCD_24S_Write_Data  st7789.o
    0x00002c2c   0x00002c2c   0x00000234   Code   RO          708    i.LCD_Draw_Line     lcd_graphics.o
    0x00002e60   0x00002e60   0x00000010   Code   RO          748    i.LCD_Erase         lcd_text.o
    0x00002e70   0x00002e70   0x00000082   Code   RO          849    i.LCD_Fill_Buffer   st7789.o
    0x00002ef2   0x00002ef2   0x000000ca   Code   RO          850    i.LCD_Fill_Rectangle  st7789.o
    0x00002fbc   0x00002fbc   0x0000013c   Code   RO          851    i.LCD_GPIO_Init     st7789.o
    0x000030f8   0x000030f8   0x000000cc   Code   RO          852    i.LCD_Init          st7789.o
    0x000031c4   0x000031c4   0x00000072   Code   RO          853    i.LCD_Plot_Pixel    st7789.o
    0x00003236   0x00003236   0x00000096   Code   RO          858    i.LCD_Start_Rectangle  st7789.o
    0x000032cc   0x000032cc   0x00000040   Code   RO          963    i.LCD_TS_Init       touchscreen.o
    0x0000330c   0x0000330c   0x0000012c   Code   RO          964    i.LCD_TS_Read       touchscreen.o
    0x00003438   0x00003438   0x0000003c   Code   RO          750    i.LCD_Text_Init     lcd_text.o
    0x00003474   0x00003474   0x000001a8   Code   RO          751    i.LCD_Text_PrintChar  lcd_text.o
    0x0000361c   0x0000361c   0x00000058   Code   RO          753    i.LCD_Text_PrintStr_RC  lcd_text.o
    0x00003674   0x00003674   0x00000028   Code   RO          754    i.LCD_Text_Set_Colors  lcd_text.o
    0x0000369c   0x0000369c   0x00000032   Code   RO          859    i.LCD_Write_Rectangle_Pixel  st7789.o
    0x000036ce   0x000036ce   0x00000016   Code   RO          282    i.Multiply_FX       fx.o
    0x000036e4   0x000036e4   0x000000a8   Code   RO          552    i.PIT_IRQHandler    timers.o
    0x0000378c   0x0000378c   0x0000008c   Code   RO          556    i.PWM_Init          timers.o
    0x00003818   0x00003818   0x00000008   Code   RO          557    i.PWM_Set_Value     timers.o
    0x00003820   0x00003820   0x00000010   Code   RO          396    i.Sound_Disable_Amp  sound.o
    0x00003830   0x00003830   0x00000004   Code   RO          283    i.Subtract_FX       fx.o
    0x00003834   0x00003834   0x000000e8   Code   RO         1240    i.SystemInit        system_mkl25z4.o
    0x0000391c   0x0000391c   0x0000003c   Code   RO          558    i.TPM0_IRQHandler   timers.o
    0x00003958   0x00003958   0x00000010   Code   RO          560    i.TPM0_Start        timers.o
    0x00003968   0x00003968   0x0000000c   Code   RO          484    i.Thread_Buck_Update_Setpoint  threads.o
    0x00003974   0x00003974   0x00000028   Code   RO          485    i.Thread_Read_TS    threads.o
    0x0000399c   0x0000399c   0x00000024   Code   RO          486    i.Thread_Update_Screen  threads.o
    0x000039c0   0x000039c0   0x000000f4   Code   RO          639    i.UI_Draw_Current   ui.o
    0x00003ab4   0x00003ab4   0x0000015c   Code   RO          641    i.UI_Draw_Screen    ui.o
    0x00003c10   0x00003c10   0x0000009c   Code   RO          643    i.UI_Identify_Field  ui.o
    0x00003cac   0x00003cac   0x00000114   Code   RO          644    i.UI_Process_Touch  ui.o
    0x00003dc0   0x00003dc0   0x00000050   Code   RO          646    i.UI_Update_Field_Values  ui.o
    0x00003e10   0x00003e10   0x0000006c   Code   RO           15    i.Update_Set_Current  control.o
    0x00003e7c   0x00003e7c   0x0000000e   Code   RO         1763    i._is_digit         c_p.l(__printf_wp.o)
    0x00003e8a   0x00003e8a   0x00000002   PAD
    0x00003e8c   0x00003e8c   0x00000030   Code   RO         1118    i._mutex_acquire    rtx_lib.o
    0x00003ebc   0x00003ebc   0x0000000a   Code   RO         1119    i._mutex_free       rtx_lib.o
    0x00003ec6   0x00003ec6   0x00000022   Code   RO         1120    i._mutex_initialize  rtx_lib.o
    0x00003ee8   0x00003ee8   0x0000002c   Code   RO         1121    i._mutex_release    rtx_lib.o
    0x00003f14   0x00003f14   0x00000008   Code   RO         1122    i._platform_post_stackheap_init  rtx_lib.o
    0x00003f1c   0x00003f1c   0x00000060   Code   RO          339    i.main              main.o
    0x00003f7c   0x00003f7c   0x00000002   Code   RO         1199    i.osRtxErrorNotify  rtx_config.o
    0x00003f7e   0x00003f7e   0x00000002   PAD
    0x00003f80   0x00003f80   0x00000010   Code   RO         1200    i.osRtxIdleThread   rtx_config.o
    0x00003f90   0x00003f90   0x0000008c   Code   RO         1798    x$fpl$fadd          fz_ps.l(faddsub.o)
    0x0000401c   0x0000401c   0x000000b0   Code   RO         1813    x$fpl$fmul          fz_ps.l(fmul.o)
    0x000040cc   0x000040cc   0x00000058   Code   RO         1815    x$fpl$frleqf        fz_ps.l(frlef.o)
    0x00004124   0x00004124   0x000000d0   Code   RO         1800    x$fpl$fsub          fz_ps.l(faddsub.o)
    0x000041f4   0x000041f4   0x00000000   Code   RO         1849    x$fpl$usenofp       fz_ps.l(usenofp.o)
    0x000041f4   0x000041f4   0x0000007c   Data   RO          487    .constdata          threads.o
    0x00004270   0x00004270   0x00000010   Data   RO          648    .constdata          ui.o
    0x00004280   0x00004280   0x00000ef7   Data   RO          826    .constdata          lucida_12x19.o
    0x00005177   0x00005177   0x0000008e   Data   RO          861    .constdata          st7789.o
    0x00005205   0x00005205   0x00000003   PAD
    0x00005208   0x00005208   0x00000020   Data   RO         1100    .constdata          region.o
    0x00005228   0x00005228   0x00000004   Data   RO         1101    .constdata          region.o
    0x0000522c   0x0000522c   0x00000024   Data   RO         1132    .constdata          rtx_lib.o
    0x00005250   0x00005250   0x00000024   Data   RO         1133    .constdata          rtx_lib.o
    0x00005274   0x00005274   0x00000018   Data   RO         1134    .constdata          rtx_lib.o
    0x0000528c   0x0000528c   0x00000004   Data   RO         1135    .constdata          rtx_lib.o
    0x00005290   0x00005290   0x0000000a   Data   RO          488    .conststring        threads.o
    0x0000529a   0x0000529a   0x00000002   PAD
    0x0000529c   0x0000529c   0x000000a0   Data   RO         1138    .rodata             rtx_lib.o
    0x0000533c   0x0000533c   0x0000000b   Data   RO         1324    .rodata.str1.4      RTX_CM0.lib(rtx_kernel.o)
    0x00005347   0x00005347   0x00000001   PAD
    0x00005348   0x00005348   0x00000020   Data   RO         2046    Region$$Table       anon$$obj.o


    Execution Region ER_RW (Exec base: 0x1ffff000, Load base: 0x00005368, Size: 0x0000181c, Max: 0xffffffff, ABSOLUTE, COMPRESSED[0x00000154])

    Exec Addr    Load Addr    Size         Type   Attr      Idx    E Section Name        Object

    0x1ffff000   COMPRESSED   0x00001000   Data   RW         1123    .bss.os             rtx_lib.o
    0x20000000   COMPRESSED   0x00000040   Data   RW         1124    .bss.os             rtx_lib.o
    0x20000040   COMPRESSED   0x00000034   Data   RW         1126    .bss.os.msgqueue.cb  rtx_lib.o
    0x20000074   COMPRESSED   0x00000050   Data   RW         1127    .bss.os.msgqueue.mem  rtx_lib.o
    0x200000c4   COMPRESSED   0x00000044   Data   RW         1128    .bss.os.thread.cb   rtx_lib.o
    0x20000108   COMPRESSED   0x00000044   Data   RW         1129    .bss.os.thread.cb   rtx_lib.o
    0x2000014c   COMPRESSED   0x00000004   PAD
    0x20000150   COMPRESSED   0x00000100   Data   RW         1130    .bss.os.thread.stack  rtx_lib.o
    0x20000250   COMPRESSED   0x00000100   Data   RW         1131    .bss.os.thread.stack  rtx_lib.o
    0x20000350   COMPRESSED   0x00000084   Data   RW           18    .data               control.o
    0x200003d4   COMPRESSED   0x00000014   Data   RW          233    .data               dma.o
    0x200003e8   COMPRESSED   0x00000001   Data   RW          340    .data               main.o
    0x200003e9   COMPRESSED   0x00000003   PAD
    0x200003ec   COMPRESSED   0x00000010   Data   RW          489    .data               threads.o
    0x200003fc   COMPRESSED   0x00000004   Data   RW          491    .data               threads.o
    0x20000400   COMPRESSED   0x00000008   Data   RW          563    .data               timers.o
    0x20000408   COMPRESSED   0x000002fc   Data   RW          649    .data               ui.o
    0x20000704   COMPRESSED   0x00000014   Data   RW          759    .data               lcd_text.o
    0x20000718   COMPRESSED   0x0000002c   Data   RW          965    .data               touchscreen.o
    0x20000744   COMPRESSED   0x00000003   Data   RW         1015    .data               colors.o
    0x20000747   COMPRESSED   0x00000003   Data   RW         1016    .data               colors.o
    0x2000074a   COMPRESSED   0x00000003   Data   RW         1017    .data               colors.o
    0x2000074d   COMPRESSED   0x00000003   Data   RW         1018    .data               colors.o
    0x20000750   COMPRESSED   0x00000003   Data   RW         1024    .data               colors.o
    0x20000753   COMPRESSED   0x00000003   Data   RW         1028    .data               colors.o
    0x20000756   COMPRESSED   0x00000003   Data   RW         1030    .data               colors.o
    0x20000759   COMPRESSED   0x00000003   Data   RW         1031    .data               colors.o
    0x2000075c   COMPRESSED   0x00000004   Data   RW         1050    .data               profile.o
    0x20000760   COMPRESSED   0x00000004   Data   RW         1051    .data               profile.o
    0x20000764   COMPRESSED   0x00000004   Data   RW         1052    .data               profile.o
    0x20000768   COMPRESSED   0x00000001   Data   RW         1053    .data               profile.o
    0x20000769   COMPRESSED   0x00000003   PAD
    0x2000076c   COMPRESSED   0x00000004   Data   RW         1102    .data               region.o
    0x20000770   COMPRESSED   0x00000001   Data   RW         1137    .data               rtx_lib.o
    0x20000771   COMPRESSED   0x00000003   PAD
    0x20000774   COMPRESSED   0x00000004   Data   RW         1241    .data               system_mkl25z4.o
    0x20000778   COMPRESSED   0x000000a4   Data   RW         1325    .data.os            RTX_CM0.lib(rtx_kernel.o)


    Execution Region ER_ZI (Exec base: 0x2000081c, Load base: 0x000054bc, Size: 0x00002164, Max: 0xffffffff, ABSOLUTE)

    Exec Addr    Load Addr    Size         Type   Attr      Idx    E Section Name        Object

    0x2000081c        -       0x00001e00   Zero   RW           17    .bss                control.o
    0x2000261c        -       0x00000060   Zero   RW         1904    .bss                c_p.l(libspace.o)
    0x2000267c        -       0x00000001   Zero   RW         1724    .bss.PendST         RTX_CM0.lib(os_systick.o)
    0x2000267d   0x000054bc   0x00000003   PAD
    0x20002680        -       0x00000000   Zero   RW         1228    HEAP                startup_mkl25z4.o
    0x20002680        -       0x00000300   Zero   RW         1227    STACK               startup_mkl25z4.o


==============================================================================

Image component sizes


      Code (inc. data)   RO Data    RW Data    ZI Data      Debug   Object Name

         0          0          0         24          0       1162   colors.o
      1524        196          0        132       7680     240980   control.o
       184         26          0          0          0        553   debug.o
        24          4          0          0          0        856   delay.o
       132         30          0         20          0     213156   dma.o
        30          0          0          0          0       1573   fx.o
       564          0          0          0          0       5115   lcd_graphics.o
       628         52          0         20          0       6345   lcd_text.o
       164         30          0          0          0       1135   leds.o
         0          0       3831          0          0        618   lucida_12x19.o
        96         14          0          1          0       4696   main.o
         0          0          0         13          0        438   profile.o
         0          0         36          4          0       1158   region.o
        18          6          0          0          0        957   rtx_config.o
       144          8        260       4941          0      12242   rtx_lib.o
        16          6          0          0          0        428   sound.o
      1246         56        142          0          0       7310   st7789.o
        80         44        192          0        768        944   startup_mkl25z4.o
       232         48          0          4          0        887   system_mkl25z4.o
       172         46        134         20          0       7053   threads.o
       392         76          0          8          0       4089   timers.o
       364         38          0         44          0       3036   touchscreen.o
      1104        152         16        764          0       5627   ui.o

    ----------------------------------------------------------------------
      7116        832       4648       6008       8448     520358   Object Totals
         0          0         32          0          0          0   (incl. Generated)
         2          0          5         13          0          0   (incl. Padding)

    ----------------------------------------------------------------------

      Code (inc. data)   RO Data    RW Data    ZI Data      Debug   Library Member Name

       164          8          0          0          0        496   irq_cm0.o
       138         32          0          0          1       2766   os_systick.o
        58          4          0          0          0       2753   rtx_delay.o
       598         48         11        164          0      16105   rtx_kernel.o
       252          0          0          0          0       2564   rtx_memory.o
       166          0          0          0          0      14282   rtx_mempool.o
      1634         48          0          0          0      17889   rtx_msgqueue.o
       868         32          0          0          0       9201   rtx_mutex.o
       352         26          0          0          0       4635   rtx_system.o
      1810        100          0          0          0      30867   rtx_thread.o
       232         20          0          0          0      10018   rtx_timer.o
        86          0          0          0          0          0   __dczerorl2.o
         8          0          0          0          0         68   __main.o
       284          0          0          0          0        136   __printf_wp.o
         0          0          0          0          0          0   __rtentry.o
        20          0          0          0          0          0   __rtentry2.o
         6          0          0          0          0          0   __rtentry4.o
        60          8          0          0          0          0   __scatter.o
        28          0          0          0          0          0   __scatter_zi.o
        46          0          0          0          0        100   _printf_char.o
        48          6          0          0          0         88   _printf_char_common.o
        10          0          0          0          0          0   _printf_d.o
       108         18          0          0          0         76   _printf_dec.o
       176          0          0          0          0         84   _printf_intcommon.o
        78          0          0          0          0        100   _printf_pad.o
         2          0          0          0          0          0   _printf_percent.o
         4          0          0          0          0          0   _printf_percent_end.o
        10          0          0          0          0          0   _printf_s.o
        82          0          0          0          0         72   _printf_str.o
        16          0          0          0          0         60   _snputc.o
        10          0          0          0          0         60   _sputc.o
       488          0          0          0          0         92   aeabi_sdivfast.o
        16          0          0          0          0         68   exit.o
         6          0          0          0          0        136   heapauxi.o
         0          0          0          0          0          0   indicate_semi.o
         2          0          0          0          0          0   libinit.o
         2          0          0          0          0          0   libinit2.o
         2          0          0          0          0          0   libshutdown.o
         2          0          0          0          0          0   libshutdown2.o
         8          4          0          0         96         68   libspace.o
        48          0          0          0          0         72   llmul.o
        56          6          0          0          0         84   noretval__2snprintf.o
        40          4          0          0          0         84   noretval__2sprintf.o
        64          0          0          0          0        108   rt_memclr.o
       186          0          0          0          0        144   rt_memcpy.o
         2          0          0          0          0          0   rtexit.o
        10          0          0          0          0          0   rtexit2.o
        40          0          0          0          0         60   rtudiv10.o
        68          6          0          0          0         72   strlen.o
        12          4          0          0          0         60   sys_exit.o
        62          0          0          0          0         80   sys_stackheap_outer.o
         2          0          0          0          0         68   use_no_semi.o
        46          0          0          0          0         60   cmpret.o
       348          8          0          0          0        160   faddsub.o
       100          4          0          0          0         68   fcmpin.o
        76          0          0          0          0         68   ffixi.o
        48          0          0          0          0         60   ffixui.o
        94          0          0          0          0         92   fflti.o
       176          4          0          0          0         80   fmul.o
        16          6          0          0          0         68   fnan2.o
        88          4          0          0          0         76   frlef.o
        94          0          0          0          0         68   retnan.o
         0          0          0          0          0          0   usenofp.o

    ----------------------------------------------------------------------
      9576        400         12        164        100     114416   Library Totals
        20          0          1          0          3          0   (incl. Padding)

    ----------------------------------------------------------------------

      Code (inc. data)   RO Data    RW Data    ZI Data      Debug   Library Name

      6272        318         11        164          1     111576   RTX_CM0.lib
      2198         56          0          0         96       2040   c_p.l
      1086         26          0          0          0        800   fz_ps.l

    ----------------------------------------------------------------------
      9576        400         12        164        100     114416   Library Totals

    ----------------------------------------------------------------------

==============================================================================


      Code (inc. data)   RO Data    RW Data    ZI Data      Debug   

     16692       1232       4660       6172       8548     630746   Grand Totals
     16692       1232       4660        340       8548     630746   ELF Image Totals (compressed)
     16692       1232       4660        340          0          0   ROM Totals

==============================================================================

    Total RO  Size (Code + RO Data)                21352 (  20.85kB)
    Total RW  Size (RW Data + ZI Data)             14720 (  14.38kB)
    Total ROM Size (Code + RO Data + RW Data)      21692 (  21.18kB)

==============================================================================

